<html>
<body>
<pre>
<h1>µVision Build Log</h1>
<h2>Tool Versions:</h2>
IDE-Version: ¦ÌVision V5.36.0.0
Copyright (C) 2021 ARM Ltd and ARM Germany GmbH. All rights reserved.
License Information: 1 Monch_D, 1, LIC=VGXG8-3HW03-UHB8H-W3E9B-7RG7R-7GXXU
 
Tool Versions:
Toolchain:       MDK-ARM Plus  Version: 5.36.0.0
Toolchain Path:  D:\B.SOFT\Keil\keil_app\ARM\ARMCC\Bin
C Compiler:      Armcc.exe V5.06 update 7 (build 960)
Assembler:       Armasm.exe V5.06 update 7 (build 960)
Linker/Locator:  ArmLink.exe V5.06 update 7 (build 960)
Library Manager: ArmAr.exe V5.06 update 7 (build 960)
Hex Converter:   FromElf.exe V5.06 update 7 (build 960)
CPU DLL:         SARMCM3.DLL V5.36.0.0
Dialog DLL:      DCM.DLL V1.17.3.0
Target DLL:      CMSIS_AGDI.dll V1.33.0.0
Dialog DLL:      TCM.DLL V1.53.0.0
 
<h2>Project:</h2>
C:\Users\Monch_D\Desktop\FreeRTOSv2.0\USER\FreeRTOS.uvprojx
Project File Date:  04/15/2024

<h2>Output:</h2>
*** Using Compiler 'V5.06 update 7 (build 960)', folder: 'D:\B.SOFT\Keil\keil_app\ARM\ARMCC\Bin'
Build target 'FreeRTOS'
compiling main.c...
..\HARDWARE\1_INCLUDE\data_struct.h(79): warning:  #1-D: last line of file ends without a newline
  #endif
..\HARDWARE\1_INCLUDE\R60AFD1.h(14): warning:  #1-D: last line of file ends without a newline
  #endif
main.c(61): warning:  #1035-D: single-precision operand implicitly converted to double-precision
  			a.c+=0.1;
main.c(86): warning:  #111-D: statement is unreachable
  	esp8266_start_mqtt_trans();
main.c: 4 warnings, 0 errors
linking...
Program Size: Code=22840 RO-data=424 RW-data=164 ZI-data=29372  
FromELF: creating hex file...
"..\OBJ\LED.axf" - 0 Error(s), 4 Warning(s).

<h2>Software Packages used:</h2>

Package Vendor: Keil
                http://www.keil.com/pack/Keil.STM32F4xx_DFP.2.15.0.pack
                Keil.STM32F4xx_DFP.2.15.0
                STMicroelectronics STM32F4 Series Device Support, Drivers and Examples

<h2>Collection of Component include folders:</h2>
  D:\B.SOFT\Keil\keil_pck\Keil\STM32F4xx_DFP\2.15.0\Drivers\CMSIS\Device\ST\STM32F4xx\Include

<h2>Collection of Component Files used:</h2>
Build Time Elapsed:  00:00:01
</pre>
</body>
</html>
