Component: ARM Compiler 5.06 update 7 (build 960) Tool: armlink [4d3601]

==============================================================================

Section Cross References

    main.o(i.main) refers to misc.o(i.NVIC_PriorityGroupConfig) for NVIC_PriorityGroupConfig
    main.o(i.main) refers to delay.o(i.delay_init) for delay_init
    main.o(i.main) refers to usart.o(i.uart_init) for uart_init
    main.o(i.main) refers to led.o(i.LED_Init) for LED_Init
    main.o(i.main) refers to lcd.o(i.LCD_Init) for LCD_Init
    main.o(i.main) refers to wifi_usart3.o(i.usart3_init) for usart3_init
    main.o(i.main) refers to r60afd1.o(i.R60AFD1_init) for R60AFD1_init
    main.o(i.main) refers to data_struct.o(i.Cache_QueueReset) for Cache_QueueReset
    main.o(i.main) refers to data_struct.o(i.Cache_QueuePush) for Cache_QueuePush
    main.o(i.main) refers to f2d.o(.text) for __aeabi_f2d
    main.o(i.main) refers to dadd.o(.text) for __aeabi_dadd
    main.o(i.main) refers to d2f.o(.text) for __aeabi_d2f
    main.o(i.main) refers to data_struct.o(i.Cache_QueueRead_OneItem) for Cache_QueueRead_OneItem
    main.o(i.main) refers to printfa.o(i.__0printf) for __2printf
    main.o(i.main) refers to data_struct.o(i.Cache_QueueEmpty) for Cache_QueueEmpty
    main.o(i.main) refers to lcd.o(.data) for POINT_COLOR
    rtos.o(i.JX90614_task) refers to jx90614.o(i.JX90614_init) for JX90614_init
    rtos.o(i.JX90614_task) refers to jx90614.o(i.JX90614_Read_Data) for JX90614_Read_Data
    rtos.o(i.JX90614_task) refers to printfa.o(i.__0printf) for __2printf
    rtos.o(i.JX90614_task) refers to tasks.o(i.vTaskDelay) for vTaskDelay
    rtos.o(i.JX90614_task) refers to jx90614.o(.data) for people_temp
    rtos.o(i.R60ABD1_task) refers to r60abd1.o(i.USART2_init) for USART2_init
    rtos.o(i.R60ABD1_task) refers to r60abd1.o(i.Serial_SendArray) for Serial_SendArray
    rtos.o(i.R60ABD1_task) refers to tasks.o(i.vTaskDelay) for vTaskDelay
    rtos.o(i.R60ABD1_task) refers to r60abd1.o(i.data_analysis) for data_analysis
    rtos.o(i.R60ABD1_task) refers to printfa.o(i.__0printf) for __2printf
    rtos.o(i.R60ABD1_task) refers to r60abd1.o(.data) for stay
    rtos.o(i.freertos_demo) refers to tasks.o(i.xTaskCreate) for xTaskCreate
    rtos.o(i.freertos_demo) refers to tasks.o(i.vTaskStartScheduler) for vTaskStartScheduler
    rtos.o(i.freertos_demo) refers to rtos.o(.data) for StartTask_Handler
    rtos.o(i.freertos_demo) refers to rtos.o(i.start_task) for start_task
    rtos.o(i.start_task) refers to port.o(i.vPortEnterCritical) for vPortEnterCritical
    rtos.o(i.start_task) refers to tasks.o(i.xTaskCreate) for xTaskCreate
    rtos.o(i.start_task) refers to port.o(i.vPortExitCritical) for vPortExitCritical
    rtos.o(i.start_task) refers to rtos.o(.data) for JX90614Task_Handler
    rtos.o(i.start_task) refers to rtos.o(i.JX90614_task) for JX90614_task
    rtos.o(i.start_task) refers to rtos.o(i.R60ABD1_task) for R60ABD1_task
    rtos.o(i.start_task) refers to rtos.o(i.R60AFD1_task) for R60AFD1_task
    system_stm32f4xx.o(i.SystemCoreClockUpdate) refers to system_stm32f4xx.o(.data) for SystemCoreClock
    system_stm32f4xx.o(i.SystemInit) refers to system_stm32f4xx.o(i.SetSysClock) for SetSysClock
    startup_stm32f40_41xxx.o(RESET) refers to startup_stm32f40_41xxx.o(STACK) for __initial_sp
    startup_stm32f40_41xxx.o(RESET) refers to startup_stm32f40_41xxx.o(.text) for Reset_Handler
    startup_stm32f40_41xxx.o(RESET) refers to stm32f4xx_it.o(i.NMI_Handler) for NMI_Handler
    startup_stm32f40_41xxx.o(RESET) refers to stm32f4xx_it.o(i.HardFault_Handler) for HardFault_Handler
    startup_stm32f40_41xxx.o(RESET) refers to stm32f4xx_it.o(i.MemManage_Handler) for MemManage_Handler
    startup_stm32f40_41xxx.o(RESET) refers to stm32f4xx_it.o(i.BusFault_Handler) for BusFault_Handler
    startup_stm32f40_41xxx.o(RESET) refers to stm32f4xx_it.o(i.UsageFault_Handler) for UsageFault_Handler
    startup_stm32f40_41xxx.o(RESET) refers to port.o(.emb_text) for SVC_Handler
    startup_stm32f40_41xxx.o(RESET) refers to stm32f4xx_it.o(i.DebugMon_Handler) for DebugMon_Handler
    startup_stm32f40_41xxx.o(RESET) refers to delay.o(i.SysTick_Handler) for SysTick_Handler
    startup_stm32f40_41xxx.o(RESET) refers to timer.o(i.TIM3_IRQHandler) for TIM3_IRQHandler
    startup_stm32f40_41xxx.o(RESET) refers to usart.o(i.USART1_IRQHandler) for USART1_IRQHandler
    startup_stm32f40_41xxx.o(RESET) refers to r60abd1.o(i.USART2_IRQHandler) for USART2_IRQHandler
    startup_stm32f40_41xxx.o(RESET) refers to wifi_usart3.o(i.USART3_IRQHandler) for USART3_IRQHandler
    startup_stm32f40_41xxx.o(RESET) refers to timer.o(i.TIM5_IRQHandler) for TIM5_IRQHandler
    startup_stm32f40_41xxx.o(RESET) refers to r60afd1.o(i.USART6_IRQHandler) for USART6_IRQHandler
    startup_stm32f40_41xxx.o(.text) refers to system_stm32f4xx.o(i.SystemInit) for SystemInit
    startup_stm32f40_41xxx.o(.text) refers to entry.o(.ARM.Collect$$$$00000000) for __main
[...]
    Removing event_groups.o(i.xEventGroupSync), (276 bytes).
    Removing event_groups.o(i.xEventGroupWaitBits), (344 bytes).
    Removing list.o(.rev16_text), (4 bytes).
    Removing list.o(.revsh_text), (4 bytes).
    Removing list.o(i.vListInitialise), (26 bytes).
    Removing list.o(i.vListInitialiseItem), (6 bytes).
    Removing queue.o(.rev16_text), (4 bytes).
    Removing queue.o(.revsh_text), (4 bytes).
    Removing queue.o(i.pcQueueGetName), (44 bytes).
    Removing queue.o(i.prvCopyDataFromQueue), (42 bytes).
    Removing queue.o(i.prvCopyDataToQueue), (124 bytes).
    Removing queue.o(i.prvInitialiseMutex), (28 bytes).
    Removing queue.o(i.prvInitialiseNewQueue), (46 bytes).
    Removing queue.o(i.prvIsQueueEmpty), (26 bytes).
    Removing queue.o(i.prvIsQueueFull), (30 bytes).
    Removing queue.o(i.prvNotifyQueueSetContainer), (160 bytes).
    Removing queue.o(i.prvUnlockQueue), (146 bytes).
    Removing queue.o(i.ucQueueGetQueueType), (8 bytes).
    Removing queue.o(i.uxQueueGetQueueNumber), (6 bytes).
    Removing queue.o(i.uxQueueMessagesWaiting), (68 bytes).
    Removing queue.o(i.uxQueueMessagesWaitingFromISR), (60 bytes).
    Removing queue.o(i.uxQueueSpacesAvailable), (76 bytes).
    Removing queue.o(i.vQueueAddToRegistry), (44 bytes).
    Removing queue.o(i.vQueueDelete), (72 bytes).
    Removing queue.o(i.vQueueSetQueueNumber), (4 bytes).
    Removing queue.o(i.vQueueUnregisterQueue), (48 bytes).
    Removing queue.o(i.vQueueWaitForMessageRestricted), (74 bytes).
    Removing queue.o(i.xQueueAddToSet), (38 bytes).
    Removing queue.o(i.xQueueCreateCountingSemaphore), (108 bytes).
    Removing queue.o(i.xQueueCreateMutex), (34 bytes).
    Removing queue.o(i.xQueueCreateSet), (20 bytes).
    Removing queue.o(i.xQueueGenericCreate), (116 bytes).
    Removing queue.o(i.xQueueGenericReceive), (456 bytes).
    Removing queue.o(i.xQueueGenericReset), (176 bytes).
    Removing queue.o(i.xQueueGenericSend), (452 bytes).
    Removing queue.o(i.xQueueGenericSendFromISR), (272 bytes).
    Removing queue.o(i.xQueueGiveFromISR), (252 bytes).
    Removing queue.o(i.xQueueGiveMutexRecursive), (100 bytes).
    Removing queue.o(i.xQueueIsQueueEmptyFromISR), (68 bytes).
    Removing queue.o(i.xQueueIsQueueFullFromISR), (72 bytes).
    Removing queue.o(i.xQueuePeekFromISR), (184 bytes).
    Removing queue.o(i.xQueueReceiveFromISR), (220 bytes).
    Removing queue.o(i.xQueueRemoveFromSet), (48 bytes).
    Removing queue.o(i.xQueueSelectFromSet), (26 bytes).
    Removing queue.o(i.xQueueSelectFromSetFromISR), (22 bytes).
    Removing queue.o(i.xQueueTakeMutexRecursive), (108 bytes).
    Removing queue.o(.bss), (64 bytes).
    Removing tasks.o(.rev16_text), (4 bytes).
    Removing tasks.o(.revsh_text), (4 bytes).
    Removing tasks.o(i.eTaskGetState), (160 bytes).
    Removing tasks.o(i.pcTaskGetName), (76 bytes).
    Removing tasks.o(i.prvAddNewTaskToReadyList), (184 bytes).
    Removing tasks.o(i.prvCheckTasksWaitingTermination), (100 bytes).
    Removing tasks.o(i.prvDeleteTCB), (18 bytes).
    Removing tasks.o(i.prvIdleTask), (40 bytes).
    Removing tasks.o(i.prvInitialiseNewTask), (208 bytes).
    Removing tasks.o(i.prvInitialiseTaskLists), (104 bytes).
    Removing tasks.o(i.prvListTasksWithinSingleList), (106 bytes).
    Removing tasks.o(i.prvTaskCheckFreeStackSpace), (22 bytes).
    Removing tasks.o(i.prvTaskIsTaskSuspended), (116 bytes).
    Removing tasks.o(i.prvWriteNameToBuffer), (42 bytes).
    Removing tasks.o(i.pvTaskIncrementMutexHeldCount), (32 bytes).
    Removing tasks.o(i.ulTaskNotifyTake), (116 bytes).
    Removing tasks.o(i.uxTaskGetNumberOfTasks), (12 bytes).
    Removing tasks.o(i.uxTaskGetSystemState), (176 bytes).
    Removing tasks.o(i.uxTaskGetTaskNumber), (14 bytes).
    Removing tasks.o(i.uxTaskPriorityGet), (36 bytes).
    Removing tasks.o(i.uxTaskPriorityGetFromISR), (68 bytes).
    Removing tasks.o(i.uxTaskResetEventItemValue), (28 bytes).
    Removing tasks.o(i.vTaskDelayUntil), (220 bytes).
    Removing tasks.o(i.vTaskDelete), (268 bytes).
    Removing tasks.o(i.vTaskEndScheduler), (36 bytes).
    Removing tasks.o(i.vTaskGetInfo), (120 bytes).
    Removing tasks.o(i.vTaskList), (224 bytes).
    Removing tasks.o(i.vTaskMissedYield), (12 bytes).
    Removing tasks.o(i.vTaskNotifyGiveFromISR), (256 bytes).
    Removing tasks.o(i.vTaskPlaceOnEventList), (84 bytes).
    Removing tasks.o(i.vTaskPlaceOnEventListRestricted), (92 bytes).
    Removing tasks.o(i.vTaskPlaceOnUnorderedEventList), (124 bytes).
    Removing tasks.o(i.vTaskPriorityInherit), (176 bytes).
    Removing tasks.o(i.vTaskPrioritySet), (304 bytes).
    Removing tasks.o(i.vTaskResume), (172 bytes).
    Removing tasks.o(i.vTaskSetTaskNumber), (8 bytes).
    Removing tasks.o(i.vTaskSetTimeOutState), (76 bytes).
    Removing tasks.o(i.vTaskStartScheduler), (172 bytes).
    Removing tasks.o(i.vTaskSuspend), (256 bytes).
    Removing tasks.o(i.xTaskCheckForTimeOut), (160 bytes).
    Removing tasks.o(i.xTaskCreate), (96 bytes).
    Removing tasks.o(i.xTaskGenericNotify), (276 bytes).
    Removing tasks.o(i.xTaskGenericNotifyFromISR), (340 bytes).
    Removing tasks.o(i.xTaskGetCurrentTaskHandle), (12 bytes).
    Removing tasks.o(i.xTaskGetTickCount), (12 bytes).
    Removing tasks.o(i.xTaskGetTickCountFromISR), (20 bytes).
    Removing tasks.o(i.xTaskNotifyStateClear), (52 bytes).
    Removing tasks.o(i.xTaskNotifyWait), (160 bytes).
    Removing tasks.o(i.xTaskPriorityDisinherit), (216 bytes).
    Removing tasks.o(i.xTaskRemoveFromEventList), (180 bytes).
    Removing tasks.o(i.xTaskRemoveFromUnorderedEventList), (192 bytes).
    Removing tasks.o(i.xTaskResumeFromISR), (204 bytes).
    Removing timers.o(.rev16_text), (4 bytes).
    Removing timers.o(.revsh_text), (4 bytes).
    Removing timers.o(i.pcTimerGetName), (64 bytes).
    Removing timers.o(i.prvCheckForValidListAndQueue), (100 bytes).
    Removing timers.o(i.prvGetNextExpireTime), (40 bytes).
    Removing timers.o(i.prvInitialiseNewTimer), (108 bytes).
    Removing timers.o(i.prvInsertTimerInActiveList), (88 bytes).
    Removing timers.o(i.prvProcessExpiredTimer), (128 bytes).
    Removing timers.o(i.prvProcessReceivedCommands), (300 bytes).
    Removing timers.o(i.prvProcessTimerOrBlockTask), (116 bytes).
    Removing timers.o(i.prvSampleTimeNow), (44 bytes).
    Removing timers.o(i.prvSwitchTimerLists), (188 bytes).
    Removing timers.o(i.prvTimerTask), (26 bytes).
    Removing timers.o(i.pvTimerGetTimerID), (76 bytes).
    Removing timers.o(i.vTimerSetTimerID), (76 bytes).
    Removing timers.o(i.xTimerCreate), (48 bytes).
    Removing timers.o(i.xTimerCreateTimerTask), (116 bytes).
    Removing timers.o(i.xTimerGenericCommand), (164 bytes).
    Removing timers.o(i.xTimerGetExpiryTime), (68 bytes).
    Removing timers.o(i.xTimerGetPeriod), (64 bytes).
    Removing timers.o(i.xTimerGetTimerDaemonTaskHandle), (80 bytes).
    Removing timers.o(i.xTimerIsTimerActive), (88 bytes).
    Removing timers.o(i.xTimerPendFunctionCall), (112 bytes).
    Removing timers.o(i.xTimerPendFunctionCallFromISR), (52 bytes).
    Removing timers.o(.bss), (40 bytes).
    Removing timers.o(.data), (20 bytes).
    Removing port.o(.rev16_text), (4 bytes).
    Removing port.o(.revsh_text), (4 bytes).
    Removing port.o(i.prvTaskExitError), (116 bytes).
    Removing port.o(i.pxPortInitialiseStack), (44 bytes).
    Removing port.o(i.vPortEndScheduler), (100 bytes).
    Removing port.o(i.vPortSetupTimerInterrupt), (32 bytes).
    Removing port.o(i.vPortValidateInterruptPriority), (160 bytes).
    Removing port.o(i.xPortStartScheduler), (348 bytes).
    Removing heap_4.o(.rev16_text), (4 bytes).
    Removing heap_4.o(.revsh_text), (4 bytes).
    Removing heap_4.o(i.prvHeapInit), (124 bytes).
    Removing heap_4.o(i.prvInsertBlockIntoFreeList), (104 bytes).
    Removing heap_4.o(i.pvPortMalloc), (340 bytes).
    Removing heap_4.o(i.vPortFree), (184 bytes).
    Removing heap_4.o(i.vPortInitialiseBlocks), (2 bytes).
    Removing heap_4.o(i.xPortGetFreeHeapSize), (12 bytes).
    Removing heap_4.o(i.xPortGetMinimumEverFreeHeapSize), (12 bytes).
    Removing heap_4.o(.bss), (20480 bytes).
    Removing heap_4.o(.data), (24 bytes).
    Removing dflti.o(.text), (34 bytes).

510 unused section(s) (total 56450 bytes) removed from the image.

==============================================================================

Image Symbol Table

    Local Symbols

    Symbol Name                              Value     Ov Type        Size  Object(Section)

    ../clib/microlib/division.c              0x00000000   Number         0  uldiv.o ABSOLUTE
    ../clib/microlib/division.c              0x00000000   Number         0  uidiv.o ABSOLUTE
    ../clib/microlib/init/entry.s            0x00000000   Number         0  entry2.o ABSOLUTE
    ../clib/microlib/init/entry.s            0x00000000   Number         0  entry.o ABSOLUTE
    ../clib/microlib/init/entry.s            0x00000000   Number         0  entry11b.o ABSOLUTE
    ../clib/microlib/init/entry.s            0x00000000   Number         0  entry12a.o ABSOLUTE
    ../clib/microlib/init/entry.s            0x00000000   Number         0  entry10a.o ABSOLUTE
    ../clib/microlib/init/entry.s            0x00000000   Number         0  entry11a.o ABSOLUTE
    ../clib/microlib/init/entry.s            0x00000000   Number         0  entry10b.o ABSOLUTE
    ../clib/microlib/init/entry.s            0x00000000   Number         0  entry9b.o ABSOLUTE
    ../clib/microlib/init/entry.s            0x00000000   Number         0  entry9a.o ABSOLUTE
    ../clib/microlib/init/entry.s            0x00000000   Number         0  entry8b.o ABSOLUTE
    ../clib/microlib/init/entry.s            0x00000000   Number         0  entry8a.o ABSOLUTE
    ../clib/microlib/init/entry.s            0x00000000   Number         0  entry7b.o ABSOLUTE
    ../clib/microlib/init/entry.s            0x00000000   Number         0  entry12b.o ABSOLUTE
    ../clib/microlib/init/entry.s            0x00000000   Number         0  entry7a.o ABSOLUTE
    ../clib/microlib/init/entry.s            0x00000000   Number         0  entry5.o ABSOLUTE
    ../clib/microlib/longlong.c              0x00000000   Number         0  llshl.o ABSOLUTE
    ../clib/microlib/longlong.c              0x00000000   Number         0  llushr.o ABSOLUTE
    ../clib/microlib/longlong.c              0x00000000   Number         0  llsshr.o ABSOLUTE
    ../clib/microlib/malloc/malloc.c         0x00000000   Number         0  malloca.o ABSOLUTE
    ../clib/microlib/malloc/malloc.c         0x00000000   Number         0  mallocr.o ABSOLUTE
    ../clib/microlib/malloc/malloc.c         0x00000000   Number         0  mallocra.o ABSOLUTE
    ../clib/microlib/malloc/malloc.c         0x00000000   Number         0  malloc.o ABSOLUTE
    ../clib/microlib/malloc/mvars.c          0x00000000   Number         0  mvars.o ABSOLUTE
    ../clib/microlib/printf/printf.c         0x00000000   Number         0  printf8.o ABSOLUTE
    ../clib/microlib/printf/printf.c         0x00000000   Number         0  printf5.o ABSOLUTE
    ../clib/microlib/printf/printf.c         0x00000000   Number         0  printf3.o ABSOLUTE
    ../clib/microlib/printf/printf.c         0x00000000   Number         0  printfb.o ABSOLUTE
    ../clib/microlib/printf/printf.c         0x00000000   Number         0  printf0.o ABSOLUTE
    ../clib/microlib/printf/printf.c         0x00000000   Number         0  printf1.o ABSOLUTE
    ../clib/microlib/printf/printf.c         0x00000000   Number         0  printfa.o ABSOLUTE
    ../clib/microlib/printf/printf.c         0x00000000   Number         0  printf2.o ABSOLUTE
    ../clib/microlib/printf/printf.c         0x00000000   Number         0  printf7.o ABSOLUTE
    ../clib/microlib/printf/printf.c         0x00000000   Number         0  printf4.o ABSOLUTE
    ../clib/microlib/printf/printf.c         0x00000000   Number         0  printf6.o ABSOLUTE
    ../clib/microlib/printf/stubs.s          0x00000000   Number         0  stubs.o ABSOLUTE
    ../clib/microlib/string/memcpy.c         0x00000000   Number         0  memcpyb.o ABSOLUTE
    ../clib/microlib/string/memcpy.c         0x00000000   Number         0  memcpya.o ABSOLUTE
    ../clib/microlib/string/memset.c         0x00000000   Number         0  memseta.o ABSOLUTE
    ../clib/microlib/string/strcpy.c         0x00000000   Number         0  strcpy.o ABSOLUTE
    ../clib/microlib/string/strlen.c         0x00000000   Number         0  strlen.o ABSOLUTE
    ../clib/microlib/string/strstr.c         0x00000000   Number         0  strstr.o ABSOLUTE
    ../clib/microlib/stubs.s                 0x00000000   Number         0  useno.o ABSOLUTE
    ../clib/microlib/stubs.s                 0x00000000   Number         0  iusefp.o ABSOLUTE
    ../fplib/microlib/d2f.c                  0x00000000   Number         0  d2f.o ABSOLUTE
    ../fplib/microlib/f2d.c                  0x00000000   Number         0  f2d.o ABSOLUTE
    ../fplib/microlib/fpadd.c                0x00000000   Number         0  dadd.o ABSOLUTE
    ../fplib/microlib/fpdiv.c                0x00000000   Number         0  ddiv.o ABSOLUTE
    ../fplib/microlib/fpepilogue.c           0x00000000   Number         0  fepilogue.o ABSOLUTE
    ../fplib/microlib/fpepilogue.c           0x00000000   Number         0  depilogue.o ABSOLUTE
    ../fplib/microlib/fpfix.c                0x00000000   Number         0  dfixul.o ABSOLUTE
    ../fplib/microlib/fpfix.c                0x00000000   Number         0  dfixui.o ABSOLUTE
    ../fplib/microlib/fpflt.c                0x00000000   Number         0  dflti.o ABSOLUTE
    ../fplib/microlib/fpflt.c                0x00000000   Number         0  dfltui.o ABSOLUTE
    ../fplib/microlib/fpmul.c                0x00000000   Number         0  dmul.o ABSOLUTE
    ..\CORE\startup_stm32f40_41xxx.s         0x00000000   Number         0  startup_stm32f40_41xxx.o ABSOLUTE
    ..\FWLIB\src\misc.c                      0x00000000   Number         0  misc.o ABSOLUTE
    ..\FWLIB\src\stm32f4xx_dma.c             0x00000000   Number         0  stm32f4xx_dma.o ABSOLUTE
    ..\FWLIB\src\stm32f4xx_dma2d.c           0x00000000   Number         0  stm32f4xx_dma2d.o ABSOLUTE
    ..\FWLIB\src\stm32f4xx_fsmc.c            0x00000000   Number         0  stm32f4xx_fsmc.o ABSOLUTE
    ..\FWLIB\src\stm32f4xx_gpio.c            0x00000000   Number         0  stm32f4xx_gpio.o ABSOLUTE
    ..\FWLIB\src\stm32f4xx_rcc.c             0x00000000   Number         0  stm32f4xx_rcc.o ABSOLUTE
    ..\FWLIB\src\stm32f4xx_syscfg.c          0x00000000   Number         0  stm32f4xx_syscfg.o ABSOLUTE
    ..\FWLIB\src\stm32f4xx_tim.c             0x00000000   Number         0  stm32f4xx_tim.o ABSOLUTE
    ..\FWLIB\src\stm32f4xx_usart.c           0x00000000   Number         0  stm32f4xx_usart.o ABSOLUTE
    ..\FreeRTOS\croutine.c                   0x00000000   Number         0  croutine.o ABSOLUTE
    ..\FreeRTOS\event_groups.c               0x00000000   Number         0  event_groups.o ABSOLUTE
    ..\FreeRTOS\list.c                       0x00000000   Number         0  list.o ABSOLUTE
    ..\FreeRTOS\portable\MemMang\heap_4.c    0x00000000   Number         0  heap_4.o ABSOLUTE
    ..\FreeRTOS\portable\RVDS\ARM_CM4F\port.c 0x00000000   Number         0  port.o ABSOLUTE
    ..\FreeRTOS\queue.c                      0x00000000   Number         0  queue.o ABSOLUTE
    ..\FreeRTOS\tasks.c                      0x00000000   Number         0  tasks.o ABSOLUTE
    ..\FreeRTOS\timers.c                     0x00000000   Number         0  timers.o ABSOLUTE
    ..\HARDWARE\2_UART\R60ABD1\R60ABD1.c     0x00000000   Number         0  r60abd1.o ABSOLUTE
    ..\HARDWARE\2_UART\R60AFD1\R60AFD1.c     0x00000000   Number         0  r60afd1.o ABSOLUTE
    ..\HARDWARE\2_UART\WIFI\WiFi_Usart3.c    0x00000000   Number         0  wifi_usart3.o ABSOLUTE
    ..\HARDWARE\3_IIC\IIC_core\iic_core.c    0x00000000   Number         0  iic_core.o ABSOLUTE
    ..\HARDWARE\3_IIC\jx90614\jx90614.c      0x00000000   Number         0  jx90614.o ABSOLUTE
    ..\HARDWARE\4.Data_Structe\data_struct.c 0x00000000   Number         0  data_struct.o ABSOLUTE
    ..\HARDWARE\LCD\lcd.c                    0x00000000   Number         0  lcd.o ABSOLUTE
    ..\HARDWARE\LED\led.c                    0x00000000   Number         0  led.o ABSOLUTE
    ..\HARDWARE\TIMER\timer.c                0x00000000   Number         0  timer.o ABSOLUTE
    ..\SYSTEM\delay\delay.c                  0x00000000   Number         0  delay.o ABSOLUTE
    ..\SYSTEM\sys\sys.c                      0x00000000   Number         0  sys.o ABSOLUTE
    ..\SYSTEM\usart\usart.c                  0x00000000   Number         0  usart.o ABSOLUTE
    ..\\FWLIB\\src\\misc.c                   0x00000000   Number         0  misc.o ABSOLUTE
    ..\\FWLIB\\src\\stm32f4xx_dma.c          0x00000000   Number         0  stm32f4xx_dma.o ABSOLUTE
    ..\\FWLIB\\src\\stm32f4xx_dma2d.c        0x00000000   Number         0  stm32f4xx_dma2d.o ABSOLUTE
    ..\\FWLIB\\src\\stm32f4xx_fsmc.c         0x00000000   Number         0  stm32f4xx_fsmc.o ABSOLUTE
    ..\\FWLIB\\src\\stm32f4xx_gpio.c         0x00000000   Number         0  stm32f4xx_gpio.o ABSOLUTE
    ..\\FWLIB\\src\\stm32f4xx_rcc.c          0x00000000   Number         0  stm32f4xx_rcc.o ABSOLUTE
    ..\\FWLIB\\src\\stm32f4xx_syscfg.c       0x00000000   Number         0  stm32f4xx_syscfg.o ABSOLUTE
    ..\\FWLIB\\src\\stm32f4xx_tim.c          0x00000000   Number         0  stm32f4xx_tim.o ABSOLUTE
    ..\\FWLIB\\src\\stm32f4xx_usart.c        0x00000000   Number         0  stm32f4xx_usart.o ABSOLUTE
    ..\\FreeRTOS\\croutine.c                 0x00000000   Number         0  croutine.o ABSOLUTE
    ..\\FreeRTOS\\event_groups.c             0x00000000   Number         0  event_groups.o ABSOLUTE
    ..\\FreeRTOS\\list.c                     0x00000000   Number         0  list.o ABSOLUTE
    ..\\FreeRTOS\\portable\\MemMang\\heap_4.c 0x00000000   Number         0  heap_4.o ABSOLUTE
    ..\\FreeRTOS\\portable\\RVDS\\ARM_CM4F\\port.c 0x00000000   Number         0  port.o ABSOLUTE
    ..\\FreeRTOS\\queue.c                    0x00000000   Number         0  queue.o ABSOLUTE
    ..\\FreeRTOS\\tasks.c                    0x00000000   Number         0  tasks.o ABSOLUTE
    ..\\FreeRTOS\\timers.c                   0x00000000   Number         0  timers.o ABSOLUTE
    ..\\HARDWARE\\2_UART\\R60ABD1\\R60ABD1.c 0x00000000   Number         0  r60abd1.o ABSOLUTE
    ..\\HARDWARE\\2_UART\\R60AFD1\\R60AFD1.c 0x00000000   Number         0  r60afd1.o ABSOLUTE
    ..\\HARDWARE\\2_UART\\WIFI\\WiFi_Usart3.c 0x00000000   Number         0  wifi_usart3.o ABSOLUTE
    ..\\HARDWARE\\3_IIC\\IIC_core\\iic_core.c 0x00000000   Number         0  iic_core.o ABSOLUTE
    ..\\HARDWARE\\3_IIC\\jx90614\\jx90614.c  0x00000000   Number         0  jx90614.o ABSOLUTE
    ..\\HARDWARE\\4.Data_Structe\\data_struct.c 0x00000000   Number         0  data_struct.o ABSOLUTE
    ..\\HARDWARE\\LCD\\lcd.c                 0x00000000   Number         0  lcd.o ABSOLUTE
    ..\\HARDWARE\\LED\\led.c                 0x00000000   Number         0  led.o ABSOLUTE
    ..\\HARDWARE\\TIMER\\timer.c             0x00000000   Number         0  timer.o ABSOLUTE
    ..\\SYSTEM\\delay\\delay.c               0x00000000   Number         0  delay.o ABSOLUTE
    ..\\SYSTEM\\sys\\sys.c                   0x00000000   Number         0  sys.o ABSOLUTE
    ..\\SYSTEM\\usart\\usart.c               0x00000000   Number         0  usart.o ABSOLUTE
    RTOS.c                                   0x00000000   Number         0  rtos.o ABSOLUTE
    RTOS.c                                   0x00000000   Number         0  rtos.o ABSOLUTE
    cdrcmple.s                               0x00000000   Number         0  cdrcmple.o ABSOLUTE
    dc.s                                     0x00000000   Number         0  dc.o ABSOLUTE
    handlers.s                               0x00000000   Number         0  handlers.o ABSOLUTE
    init.s                                   0x00000000   Number         0  init.o ABSOLUTE
    main.c                                   0x00000000   Number         0  main.o ABSOLUTE
    main.c                                   0x00000000   Number         0  main.o ABSOLUTE
    stm32f4xx_it.c                           0x00000000   Number         0  stm32f4xx_it.o ABSOLUTE
    stm32f4xx_it.c                           0x00000000   Number         0  stm32f4xx_it.o ABSOLUTE
    system_stm32f4xx.c                       0x00000000   Number         0  system_stm32f4xx.o ABSOLUTE
    system_stm32f4xx.c                       0x00000000   Number         0  system_stm32f4xx.o ABSOLUTE
    RESET                                    0x08000000   Section      392  startup_stm32f40_41xxx.o(RESET)
    .ARM.Collect$$$$00000000                 0x08000188   Section        0  entry.o(.ARM.Collect$$$$00000000)
    .ARM.Collect$$$$00000001                 0x08000188   Section        4  entry2.o(.ARM.Collect$$$$00000001)
    .ARM.Collect$$$$00000004                 0x0800018c   Section        4  entry5.o(.ARM.Collect$$$$00000004)
    .ARM.Collect$$$$00000008                 0x08000190   Section        0  entry7b.o(.ARM.Collect$$$$00000008)
    .ARM.Collect$$$$0000000A                 0x08000190   Section        0  entry8b.o(.ARM.Collect$$$$0000000A)
    .ARM.Collect$$$$0000000B                 0x08000190   Section        8  entry9a.o(.ARM.Collect$$$$0000000B)
    .ARM.Collect$$$$0000000E                 0x08000198   Section        4  entry12b.o(.ARM.Collect$$$$0000000E)
    .ARM.Collect$$$$0000000F                 0x0800019c   Section        0  entry10a.o(.ARM.Collect$$$$0000000F)
    .ARM.Collect$$$$00000011                 0x0800019c   Section        0  entry11a.o(.ARM.Collect$$$$00000011)
    .ARM.Collect$$$$00002712                 0x0800019c   Section        4  entry2.o(.ARM.Collect$$$$00002712)
    __lit__00000000                          0x0800019c   Data           4  entry2.o(.ARM.Collect$$$$00002712)
    .emb_text                                0x080001a0   Section      182  port.o(.emb_text)
    $v0                                      0x080001a0   Number         0  port.o(.emb_text)
    .text                                    0x08000258   Section       36  startup_stm32f40_41xxx.o(.text)
    $v0                                      0x08000258   Number         0  startup_stm32f40_41xxx.o(.text)
    .text                                    0x0800027c   Section        0  memcpya.o(.text)
    .text                                    0x080002a0   Section        0  dadd.o(.text)
    .text                                    0x080003ee   Section        0  dmul.o(.text)
    .text                                    0x080004d2   Section        0  dfltui.o(.text)
    .text                                    0x080004ec   Section        0  dfixui.o(.text)
    .text                                    0x0800051e   Section        0  f2d.o(.text)
    .text                                    0x08000544   Section        0  d2f.o(.text)
    .text                                    0x0800057c   Section        0  uidiv.o(.text)
    .text                                    0x080005a8   Section        0  uldiv.o(.text)
    .text                                    0x0800060a   Section        0  llshl.o(.text)
    .text                                    0x08000628   Section        0  llushr.o(.text)
    .text                                    0x08000648   Section        0  llsshr.o(.text)
    .text                                    0x0800066c   Section        0  iusefp.o(.text)
    .text                                    0x0800066c   Section        0  fepilogue.o(.text)
    .text                                    0x080006da   Section        0  depilogue.o(.text)
    .text                                    0x08000794   Section        0  ddiv.o(.text)
    .text                                    0x08000872   Section        0  dfixul.o(.text)
    .text                                    0x080008a4   Section       48  cdrcmple.o(.text)
    .text                                    0x080008d4   Section       36  init.o(.text)
    i.BusFault_Handler                       0x080008f8   Section        0  stm32f4xx_it.o(i.BusFault_Handler)
    i.Cache_QueueEmpty                       0x080008fc   Section        0  data_struct.o(i.Cache_QueueEmpty)
    i.Cache_QueuePush                        0x0800090e   Section        0  data_struct.o(i.Cache_QueuePush)
    i.Cache_QueueRead_OneItem                0x0800095e   Section        0  data_struct.o(i.Cache_QueueRead_OneItem)
    i.Cache_QueueReset                       0x08000998   Section        0  data_struct.o(i.Cache_QueueReset)
    i.DMA_ClearFlag                          0x08000a24   Section        0  stm32f4xx_dma.o(i.DMA_ClearFlag)
    i.DMA_Cmd                                0x08000a58   Section        0  stm32f4xx_dma.o(i.DMA_Cmd)
    i.DMA_DeInit                             0x08000a70   Section        0  stm32f4xx_dma.o(i.DMA_DeInit)
    i.DMA_GetCmdStatus                       0x08000bc8   Section        0  stm32f4xx_dma.o(i.DMA_GetCmdStatus)
    i.DMA_GetCurrDataCounter                 0x08000bdc   Section        0  stm32f4xx_dma.o(i.DMA_GetCurrDataCounter)
    i.DMA_Init                               0x08000be4   Section        0  stm32f4xx_dma.o(i.DMA_Init)
    i.DMA_SetCurrDataCounter                 0x08000c3c   Section        0  stm32f4xx_dma.o(i.DMA_SetCurrDataCounter)
    i.DMA_config                             0x08000c40   Section        0  wifi_usart3.o(i.DMA_config)
    i.DebugMon_Handler                       0x08000cbc   Section        0  stm32f4xx_it.o(i.DebugMon_Handler)
    i.FSMC_NORSRAMCmd                        0x08000cc0   Section        0  stm32f4xx_fsmc.o(i.FSMC_NORSRAMCmd)
    i.FSMC_NORSRAMInit                       0x08000cf4   Section        0  stm32f4xx_fsmc.o(i.FSMC_NORSRAMInit)
    i.GPIO_Init                              0x08000dda   Section        0  stm32f4xx_gpio.o(i.GPIO_Init)
    i.GPIO_PinAFConfig                       0x08000e6a   Section        0  stm32f4xx_gpio.o(i.GPIO_PinAFConfig)
    i.GPIO_SetBits                           0x08000eb0   Section        0  stm32f4xx_gpio.o(i.GPIO_SetBits)
    i.HardFault_Handler                      0x08000eb4   Section        0  stm32f4xx_it.o(i.HardFault_Handler)
    i.LCD_Clear                              0x08000eb8   Section        0  lcd.o(i.LCD_Clear)
    i.LCD_Display_Dir                        0x08000eec   Section        0  lcd.o(i.LCD_Display_Dir)
    i.LCD_Init                               0x0800101c   Section        0  lcd.o(i.LCD_Init)
    i.LCD_RD_DATA                            0x08003874   Section        0  lcd.o(i.LCD_RD_DATA)
    i.LCD_SSD_BackLightSet                   0x08003888   Section        0  lcd.o(i.LCD_SSD_BackLightSet)
    i.LCD_Scan_Dir                           0x080038e8   Section        0  lcd.o(i.LCD_Scan_Dir)
    i.LCD_SetCursor                          0x08003b1c   Section        0  lcd.o(i.LCD_SetCursor)
    i.LCD_WR_DATA                            0x08003c3c   Section        0  lcd.o(i.LCD_WR_DATA)
    i.LCD_WR_REG                             0x08003c54   Section        0  lcd.o(i.LCD_WR_REG)
    i.LCD_WriteRAM_Prepare                   0x08003c6c   Section        0  lcd.o(i.LCD_WriteRAM_Prepare)
    i.LCD_WriteReg                           0x08003c80   Section        0  lcd.o(i.LCD_WriteReg)
    i.LED_Init                               0x08003c94   Section        0  led.o(i.LED_Init)
    i.MemManage_Handler                      0x08003cd4   Section        0  stm32f4xx_it.o(i.MemManage_Handler)
    i.NMI_Handler                            0x08003cd8   Section        0  stm32f4xx_it.o(i.NMI_Handler)
    i.NVIC_Init                              0x08003cdc   Section        0  misc.o(i.NVIC_Init)
    i.NVIC_PriorityGroupConfig               0x08003d54   Section        0  misc.o(i.NVIC_PriorityGroupConfig)
    i.R60AFD1_init                           0x08003d68   Section        0  r60afd1.o(i.R60AFD1_init)
    i.R60AFD1_uart_init                      0x08003d70   Section        0  r60afd1.o(i.R60AFD1_uart_init)
    i.RCC_AHB1PeriphClockCmd                 0x08003e1c   Section        0  stm32f4xx_rcc.o(i.RCC_AHB1PeriphClockCmd)
    i.RCC_AHB3PeriphClockCmd                 0x08003e3c   Section        0  stm32f4xx_rcc.o(i.RCC_AHB3PeriphClockCmd)
    i.RCC_APB1PeriphClockCmd                 0x08003e5c   Section        0  stm32f4xx_rcc.o(i.RCC_APB1PeriphClockCmd)
    i.RCC_APB1PeriphResetCmd                 0x08003e7c   Section        0  stm32f4xx_rcc.o(i.RCC_APB1PeriphResetCmd)
    i.RCC_APB2PeriphClockCmd                 0x08003e9c   Section        0  stm32f4xx_rcc.o(i.RCC_APB2PeriphClockCmd)
    i.RCC_APB2PeriphResetCmd                 0x08003ebc   Section        0  stm32f4xx_rcc.o(i.RCC_APB2PeriphResetCmd)
    i.RCC_GetClocksFreq                      0x08003edc   Section        0  stm32f4xx_rcc.o(i.RCC_GetClocksFreq)
    i.SetSysClock                            0x08003fc4   Section        0  system_stm32f4xx.o(i.SetSysClock)
    SetSysClock                              0x08003fc5   Thumb Code   220  system_stm32f4xx.o(i.SetSysClock)
    i.SysTick_CLKSourceConfig                0x080040b0   Section        0  misc.o(i.SysTick_CLKSourceConfig)
    i.SysTick_Handler                        0x080040d8   Section        0  delay.o(i.SysTick_Handler)
    i.SystemInit                             0x080040e8   Section        0  system_stm32f4xx.o(i.SystemInit)
    i.TIM3_IRQHandler                        0x08004150   Section        0  timer.o(i.TIM3_IRQHandler)
    i.TIM5_IRQHandler                        0x08004188   Section        0  timer.o(i.TIM5_IRQHandler)
    i.TIM_ClearITPendingBit                  0x080041c0   Section        0  stm32f4xx_tim.o(i.TIM_ClearITPendingBit)
    i.TIM_GetITStatus                        0x080041c6   Section        0  stm32f4xx_tim.o(i.TIM_GetITStatus)
    i.USART1_IRQHandler                      0x080041e8   Section        0  usart.o(i.USART1_IRQHandler)
    i.USART2_IRQHandler                      0x08004270   Section        0  r60abd1.o(i.USART2_IRQHandler)
    i.USART3_IRQHandler                      0x080042f4   Section        0  wifi_usart3.o(i.USART3_IRQHandler)
    i.USART6_IRQHandler                      0x08004378   Section        0  r60afd1.o(i.USART6_IRQHandler)
    i.USART_ClearITPendingBit                0x08004430   Section        0  stm32f4xx_usart.o(i.USART_ClearITPendingBit)
    i.USART_Cmd                              0x0800444e   Section        0  stm32f4xx_usart.o(i.USART_Cmd)
    i.USART_DMACmd                           0x08004466   Section        0  stm32f4xx_usart.o(i.USART_DMACmd)
    i.USART_DeInit                           0x08004478   Section        0  stm32f4xx_usart.o(i.USART_DeInit)
    i.USART_GetITStatus                      0x08004568   Section        0  stm32f4xx_usart.o(i.USART_GetITStatus)
    i.USART_ITConfig                         0x080045bc   Section        0  stm32f4xx_usart.o(i.USART_ITConfig)
    i.USART_Init                             0x08004608   Section        0  stm32f4xx_usart.o(i.USART_Init)
    i.USART_ReceiveData                      0x080046dc   Section        0  stm32f4xx_usart.o(i.USART_ReceiveData)
    i.UsageFault_Handler                     0x080046e6   Section        0  stm32f4xx_it.o(i.UsageFault_Handler)
    i.__0printf                              0x080046ec   Section        0  printfa.o(i.__0printf)
    i.__scatterload_copy                     0x0800470c   Section       14  handlers.o(i.__scatterload_copy)
    i.__scatterload_null                     0x0800471a   Section        2  handlers.o(i.__scatterload_null)
    i.__scatterload_zeroinit                 0x0800471c   Section       14  handlers.o(i.__scatterload_zeroinit)
    i._fp_digits                             0x0800472c   Section        0  printfa.o(i._fp_digits)
    _fp_digits                               0x0800472d   Thumb Code   366  printfa.o(i._fp_digits)
    i._printf_core                           0x080048b0   Section        0  printfa.o(i._printf_core)
    _printf_core                             0x080048b1   Thumb Code  1704  printfa.o(i._printf_core)
    i._printf_post_padding                   0x08004f64   Section        0  printfa.o(i._printf_post_padding)
    _printf_post_padding                     0x08004f65   Thumb Code    36  printfa.o(i._printf_post_padding)
    i._printf_pre_padding                    0x08004f88   Section        0  printfa.o(i._printf_pre_padding)
    _printf_pre_padding                      0x08004f89   Thumb Code    46  printfa.o(i._printf_pre_padding)
    i.circle_put                             0x08004fb8   Section        0  r60abd1.o(i.circle_put)
    circle_put                               0x08004fb9   Thumb Code   148  r60abd1.o(i.circle_put)
    i.delay_init                             0x08005060   Section        0  delay.o(i.delay_init)
    i.delay_ms                               0x080050a4   Section        0  delay.o(i.delay_ms)
    i.delay_us                               0x080050e4   Section        0  delay.o(i.delay_us)
    i.fputc                                  0x0800512c   Section        0  usart.o(i.fputc)
    i.main                                   0x08005148   Section        0  main.o(i.main)
    i.malloc                                 0x080052ac   Section        0  malloc.o(i.malloc)
    i.prvAddCurrentTaskToDelayedList         0x08005318   Section        0  tasks.o(i.prvAddCurrentTaskToDelayedList)
    prvAddCurrentTaskToDelayedList           0x08005319   Thumb Code   124  tasks.o(i.prvAddCurrentTaskToDelayedList)
    i.prvResetNextTaskUnblockTime            0x080053b0   Section        0  tasks.o(i.prvResetNextTaskUnblockTime)
    prvResetNextTaskUnblockTime              0x080053b1   Thumb Code    42  tasks.o(i.prvResetNextTaskUnblockTime)
    i.uart_init                              0x080053e4   Section        0  usart.o(i.uart_init)
    i.usart3_init                            0x08005490   Section        0  wifi_usart3.o(i.usart3_init)
    i.uxListRemove                           0x08005554   Section        0  list.o(i.uxListRemove)
    i.vListInsert                            0x0800557c   Section        0  list.o(i.vListInsert)
    i.vListInsertEnd                         0x080055b0   Section        0  list.o(i.vListInsertEnd)
    i.vPortEnterCritical                     0x080055c8   Section        0  port.o(i.vPortEnterCritical)
    i.vPortExitCritical                      0x08005650   Section        0  port.o(i.vPortExitCritical)
    i.vTaskDelay                             0x080056c0   Section        0  tasks.o(i.vTaskDelay)
    i.vTaskSuspendAll                        0x08005734   Section        0  tasks.o(i.vTaskSuspendAll)
    i.vTaskSwitchContext                     0x08005744   Section        0  tasks.o(i.vTaskSwitchContext)
    i.xPortSysTickHandler                    0x080057ec   Section        0  port.o(i.xPortSysTickHandler)
    i.xTaskGetSchedulerState                 0x08005820   Section        0  tasks.o(i.xTaskGetSchedulerState)
    i.xTaskIncrementTick                     0x08005840   Section        0  tasks.o(i.xTaskIncrementTick)
    i.xTaskResumeAll                         0x080059a0   Section        0  tasks.o(i.xTaskResumeAll)
    .data                                    0x20000000   Section        4  delay.o(.data)
    fac_us                                   0x20000000   Data           1  delay.o(.data)
    fac_ms                                   0x20000002   Data           2  delay.o(.data)
    .data                                    0x20000004   Section        6  usart.o(.data)
    .data                                    0x2000000a   Section       16  stm32f4xx_rcc.o(.data)
    APBAHBPrescTable                         0x2000000a   Data          16  stm32f4xx_rcc.o(.data)
    .data                                    0x2000001a   Section        4  lcd.o(.data)
    .data                                    0x2000001e   Section        1  data_struct.o(.data)
    .data                                    0x20000020   Section       41  r60abd1.o(.data)
    .data                                    0x20000049   Section        4  r60afd1.o(.data)
    .data                                    0x2000004e   Section        4  wifi_usart3.o(.data)
    .data                                    0x20000054   Section       60  tasks.o(.data)
    pxDelayedTaskList                        0x20000058   Data           4  tasks.o(.data)
    pxOverflowDelayedTaskList                0x2000005c   Data           4  tasks.o(.data)
    uxDeletedTasksWaitingCleanUp             0x20000060   Data           4  tasks.o(.data)
    uxCurrentNumberOfTasks                   0x20000064   Data           4  tasks.o(.data)
    xTickCount                               0x20000068   Data           4  tasks.o(.data)
    uxTopReadyPriority                       0x2000006c   Data           4  tasks.o(.data)
    xSchedulerRunning                        0x20000070   Data           4  tasks.o(.data)
    uxPendedTicks                            0x20000074   Data           4  tasks.o(.data)
    xYieldPending                            0x20000078   Data           4  tasks.o(.data)
    xNumOfOverflows                          0x2000007c   Data           4  tasks.o(.data)
    uxTaskNumber                             0x20000080   Data           4  tasks.o(.data)
    xNextTaskUnblockTime                     0x20000084   Data           4  tasks.o(.data)
    xIdleTaskHandle                          0x20000088   Data           4  tasks.o(.data)
    uxSchedulerSuspended                     0x2000008c   Data           4  tasks.o(.data)
    .data                                    0x20000090   Section       12  port.o(.data)
    uxCriticalNesting                        0x20000090   Data           4  port.o(.data)
    ucMaxSysCallPriority                     0x20000094   Data           1  port.o(.data)
    ulMaxPRIGROUPValue                       0x20000098   Data           4  port.o(.data)
    .data                                    0x2000009c   Section        4  mvars.o(.data)
    .data                                    0x200000a0   Section        4  mvars.o(.data)
    .bss                                     0x200000a4   Section      200  usart.o(.bss)
    .bss                                     0x2000016c   Section       14  lcd.o(.bss)
    .bss                                     0x20000180   Section     1416  r60abd1.o(.bss)
    .bss                                     0x20000708   Section      416  r60afd1.o(.bss)
    USART_InitStructure                      0x20000898   Data          16  r60afd1.o(.bss)
    .bss                                     0x200008a8   Section     2000  wifi_usart3.o(.bss)
    .bss                                     0x20001078   Section      740  tasks.o(.bss)
    pxReadyTasksLists                        0x20001078   Data         640  tasks.o(.bss)
    xDelayedTaskList1                        0x200012f8   Data          20  tasks.o(.bss)
    xDelayedTaskList2                        0x2000130c   Data          20  tasks.o(.bss)
    xPendingReadyList                        0x20001320   Data          20  tasks.o(.bss)
    xTasksWaitingTermination                 0x20001334   Data          20  tasks.o(.bss)
    xSuspendedTaskList                       0x20001348   Data          20  tasks.o(.bss)
    HEAP                                     0x20001360   Section    20480  startup_stm32f40_41xxx.o(HEAP)
    STACK                                    0x20006360   Section     4096  startup_stm32f40_41xxx.o(STACK)

    Global Symbols

    Symbol Name                              Value     Ov Type        Size  Object(Section)

    BuildAttributes$$THM_ISAv4$E$P$D$K$B$S$7EM$VFPi3$EXTD16$VFPS$VFMA$PE$A:L22UL41UL21$X:L11$S22US41US21$IEEE1$IW$USESV6$~STKCKD$USESV7$~SHL$OTIME$ROPI$EBA8$MICROLIB$REQ8$PRES8$EABIv2 0x00000000   Number         0  anon$$obj.o ABSOLUTE
    __ARM_use_no_argv                        0x00000000   Number         0  main.o ABSOLUTE
    __use_no_errno                           0x00000000   Number         0  useno.o ABSOLUTE
    __use_no_exception_handling              0x00000000   Number         0  useno.o ABSOLUTE
    __use_no_fp                              0x00000000   Number         0  useno.o ABSOLUTE
    __use_no_heap                            0x00000000   Number         0  useno.o ABSOLUTE
    __use_no_heap_region                     0x00000000   Number         0  useno.o ABSOLUTE
    __use_no_semihosting                     0x00000000   Number         0  useno.o ABSOLUTE
    __use_no_semihosting_swi                 0x00000000   Number         0  useno.o ABSOLUTE
    __use_no_signal_handling                 0x00000000   Number         0  useno.o ABSOLUTE
    _printf_a                                0x00000000   Number         0  stubs.o ABSOLUTE
    _printf_c                                0x00000000   Number         0  stubs.o ABSOLUTE
    _printf_charcount                        0x00000000   Number         0  stubs.o ABSOLUTE
    _printf_d                                0x00000000   Number         0  stubs.o ABSOLUTE
    _printf_e                                0x00000000   Number         0  stubs.o ABSOLUTE
    _printf_f                                0x00000000   Number         0  stubs.o ABSOLUTE
    _printf_flags                            0x00000000   Number         0  stubs.o ABSOLUTE
    _printf_fp_dec                           0x00000000   Number         0  stubs.o ABSOLUTE
    _printf_fp_hex                           0x00000000   Number         0  stubs.o ABSOLUTE
    _printf_g                                0x00000000   Number         0  stubs.o ABSOLUTE
    _printf_i                                0x00000000   Number         0  stubs.o ABSOLUTE
    _printf_int_dec                          0x00000000   Number         0  stubs.o ABSOLUTE
    _printf_l                                0x00000000   Number         0  stubs.o ABSOLUTE
    _printf_lc                               0x00000000   Number         0  stubs.o ABSOLUTE
    _printf_ll                               0x00000000   Number         0  stubs.o ABSOLUTE
    _printf_lld                              0x00000000   Number         0  stubs.o ABSOLUTE
    _printf_lli                              0x00000000   Number         0  stubs.o ABSOLUTE
    _printf_llo                              0x00000000   Number         0  stubs.o ABSOLUTE
    _printf_llu                              0x00000000   Number         0  stubs.o ABSOLUTE
    _printf_llx                              0x00000000   Number         0  stubs.o ABSOLUTE
    _printf_longlong_dec                     0x00000000   Number         0  stubs.o ABSOLUTE
    _printf_longlong_hex                     0x00000000   Number         0  stubs.o ABSOLUTE
    _printf_longlong_oct                     0x00000000   Number         0  stubs.o ABSOLUTE
    _printf_ls                               0x00000000   Number         0  stubs.o ABSOLUTE
    _printf_mbtowc                           0x00000000   Number         0  stubs.o ABSOLUTE
    _printf_n                                0x00000000   Number         0  stubs.o ABSOLUTE
    _printf_o                                0x00000000   Number         0  stubs.o ABSOLUTE
    _printf_p                                0x00000000   Number         0  stubs.o ABSOLUTE
    _printf_percent                          0x00000000   Number         0  stubs.o ABSOLUTE
    _printf_pre_padding                      0x00000000   Number         0  stubs.o ABSOLUTE
    _printf_return_value                     0x00000000   Number         0  stubs.o ABSOLUTE
    _printf_s                                0x00000000   Number         0  stubs.o ABSOLUTE
    _printf_sizespec                         0x00000000   Number         0  stubs.o ABSOLUTE
    _printf_str                              0x00000000   Number         0  stubs.o ABSOLUTE
    _printf_truncate_signed                  0x00000000   Number         0  stubs.o ABSOLUTE
    _printf_truncate_unsigned                0x00000000   Number         0  stubs.o ABSOLUTE
    _printf_u                                0x00000000   Number         0  stubs.o ABSOLUTE
    _printf_wc                               0x00000000   Number         0  stubs.o ABSOLUTE
    _printf_wctomb                           0x00000000   Number         0  stubs.o ABSOLUTE
    _printf_widthprec                        0x00000000   Number         0  stubs.o ABSOLUTE
    _printf_x                                0x00000000   Number         0  stubs.o ABSOLUTE
    __arm_fini_                               - Undefined Weak Reference
    __cpp_initialize__aeabi_                  - Undefined Weak Reference
    __cxa_finalize                            - Undefined Weak Reference
    __decompress                              - Undefined Weak Reference
    _clock_init                               - Undefined Weak Reference
    _microlib_exit                            - Undefined Weak Reference
    __Vectors_Size                           0x00000188   Number         0  startup_stm32f40_41xxx.o ABSOLUTE
    __Vectors                                0x08000000   Data           4  startup_stm32f40_41xxx.o(RESET)
    __Vectors_End                            0x08000188   Data           0  startup_stm32f40_41xxx.o(RESET)
    __main                                   0x08000189   Thumb Code     0  entry.o(.ARM.Collect$$$$00000000)
    _main_stk                                0x08000189   Thumb Code     0  entry2.o(.ARM.Collect$$$$00000001)
    _main_scatterload                        0x0800018d   Thumb Code     0  entry5.o(.ARM.Collect$$$$00000004)
    __main_after_scatterload                 0x08000191   Thumb Code     0  entry5.o(.ARM.Collect$$$$00000004)
    _main_clock                              0x08000191   Thumb Code     0  entry7b.o(.ARM.Collect$$$$00000008)
    _main_cpp_init                           0x08000191   Thumb Code     0  entry8b.o(.ARM.Collect$$$$0000000A)
    _main_init                               0x08000191   Thumb Code     0  entry9a.o(.ARM.Collect$$$$0000000B)
    __rt_lib_shutdown_fini                   0x08000199   Thumb Code     0  entry12b.o(.ARM.Collect$$$$0000000E)
    __rt_final_cpp                           0x0800019d   Thumb Code     0  entry10a.o(.ARM.Collect$$$$0000000F)
    __rt_final_exit                          0x0800019d   Thumb Code     0  entry11a.o(.ARM.Collect$$$$00000011)
    SVC_Handler                              0x080001a1   Thumb Code    28  port.o(.emb_text)
    __asm___6_port_c_39a90d8d__prvStartFirstTask 0x080001c1   Thumb Code    28  port.o(.emb_text)
    __asm___6_port_c_39a90d8d__prvEnableVFP  0x080001e1   Thumb Code    16  port.o(.emb_text)
    PendSV_Handler                           0x080001f5   Thumb Code    88  port.o(.emb_text)
    vPortGetIPSR                             0x08000251   Thumb Code     6  port.o(.emb_text)
    Reset_Handler                            0x08000259   Thumb Code     8  startup_stm32f40_41xxx.o(.text)
    ADC_IRQHandler                           0x08000273   Thumb Code     0  startup_stm32f40_41xxx.o(.text)
    CAN1_RX0_IRQHandler                      0x08000273   Thumb Code     0  startup_stm32f40_41xxx.o(.text)
    CAN1_RX1_IRQHandler                      0x08000273   Thumb Code     0  startup_stm32f40_41xxx.o(.text)
    CAN1_SCE_IRQHandler                      0x08000273   Thumb Code     0  startup_stm32f40_41xxx.o(.text)
    CAN1_TX_IRQHandler                       0x08000273   Thumb Code     0  startup_stm32f40_41xxx.o(.text)
    CAN2_RX0_IRQHandler                      0x08000273   Thumb Code     0  startup_stm32f40_41xxx.o(.text)
    CAN2_RX1_IRQHandler                      0x08000273   Thumb Code     0  startup_stm32f40_41xxx.o(.text)
    CAN2_SCE_IRQHandler                      0x08000273   Thumb Code     0  startup_stm32f40_41xxx.o(.text)
    CAN2_TX_IRQHandler                       0x08000273   Thumb Code     0  startup_stm32f40_41xxx.o(.text)
    CRYP_IRQHandler                          0x08000273   Thumb Code     0  startup_stm32f40_41xxx.o(.text)
    DCMI_IRQHandler                          0x08000273   Thumb Code     0  startup_stm32f40_41xxx.o(.text)
    DMA1_Stream0_IRQHandler                  0x08000273   Thumb Code     0  startup_stm32f40_41xxx.o(.text)
    DMA1_Stream1_IRQHandler                  0x08000273   Thumb Code     0  startup_stm32f40_41xxx.o(.text)
    DMA1_Stream2_IRQHandler                  0x08000273   Thumb Code     0  startup_stm32f40_41xxx.o(.text)
    DMA1_Stream3_IRQHandler                  0x08000273   Thumb Code     0  startup_stm32f40_41xxx.o(.text)
    DMA1_Stream4_IRQHandler                  0x08000273   Thumb Code     0  startup_stm32f40_41xxx.o(.text)
    DMA1_Stream5_IRQHandler                  0x08000273   Thumb Code     0  startup_stm32f40_41xxx.o(.text)
    DMA1_Stream6_IRQHandler                  0x08000273   Thumb Code     0  startup_stm32f40_41xxx.o(.text)
    DMA1_Stream7_IRQHandler                  0x08000273   Thumb Code     0  startup_stm32f40_41xxx.o(.text)
    DMA2_Stream0_IRQHandler                  0x08000273   Thumb Code     0  startup_stm32f40_41xxx.o(.text)
    DMA2_Stream1_IRQHandler                  0x08000273   Thumb Code     0  startup_stm32f40_41xxx.o(.text)
    DMA2_Stream2_IRQHandler                  0x08000273   Thumb Code     0  startup_stm32f40_41xxx.o(.text)
    DMA2_Stream3_IRQHandler                  0x08000273   Thumb Code     0  startup_stm32f40_41xxx.o(.text)
    DMA2_Stream4_IRQHandler                  0x08000273   Thumb Code     0  startup_stm32f40_41xxx.o(.text)
    DMA2_Stream5_IRQHandler                  0x08000273   Thumb Code     0  startup_stm32f40_41xxx.o(.text)
    DMA2_Stream6_IRQHandler                  0x08000273   Thumb Code     0  startup_stm32f40_41xxx.o(.text)
    DMA2_Stream7_IRQHandler                  0x08000273   Thumb Code     0  startup_stm32f40_41xxx.o(.text)
    ETH_IRQHandler                           0x08000273   Thumb Code     0  startup_stm32f40_41xxx.o(.text)
    ETH_WKUP_IRQHandler                      0x08000273   Thumb Code     0  startup_stm32f40_41xxx.o(.text)
    EXTI0_IRQHandler                         0x08000273   Thumb Code     0  startup_stm32f40_41xxx.o(.text)
    EXTI15_10_IRQHandler                     0x08000273   Thumb Code     0  startup_stm32f40_41xxx.o(.text)
    EXTI1_IRQHandler                         0x08000273   Thumb Code     0  startup_stm32f40_41xxx.o(.text)
    EXTI2_IRQHandler                         0x08000273   Thumb Code     0  startup_stm32f40_41xxx.o(.text)
    EXTI3_IRQHandler                         0x08000273   Thumb Code     0  startup_stm32f40_41xxx.o(.text)
    EXTI4_IRQHandler                         0x08000273   Thumb Code     0  startup_stm32f40_41xxx.o(.text)
    EXTI9_5_IRQHandler                       0x08000273   Thumb Code     0  startup_stm32f40_41xxx.o(.text)
    FLASH_IRQHandler                         0x08000273   Thumb Code     0  startup_stm32f40_41xxx.o(.text)
    FPU_IRQHandler                           0x08000273   Thumb Code     0  startup_stm32f40_41xxx.o(.text)
    FSMC_IRQHandler                          0x08000273   Thumb Code     0  startup_stm32f40_41xxx.o(.text)
    HASH_RNG_IRQHandler                      0x08000273   Thumb Code     0  startup_stm32f40_41xxx.o(.text)
    I2C1_ER_IRQHandler                       0x08000273   Thumb Code     0  startup_stm32f40_41xxx.o(.text)
    I2C1_EV_IRQHandler                       0x08000273   Thumb Code     0  startup_stm32f40_41xxx.o(.text)
    I2C2_ER_IRQHandler                       0x08000273   Thumb Code     0  startup_stm32f40_41xxx.o(.text)
    I2C2_EV_IRQHandler                       0x08000273   Thumb Code     0  startup_stm32f40_41xxx.o(.text)
    I2C3_ER_IRQHandler                       0x08000273   Thumb Code     0  startup_stm32f40_41xxx.o(.text)
    I2C3_EV_IRQHandler                       0x08000273   Thumb Code     0  startup_stm32f40_41xxx.o(.text)
    OTG_FS_IRQHandler                        0x08000273   Thumb Code     0  startup_stm32f40_41xxx.o(.text)
    OTG_FS_WKUP_IRQHandler                   0x08000273   Thumb Code     0  startup_stm32f40_41xxx.o(.text)
    OTG_HS_EP1_IN_IRQHandler                 0x08000273   Thumb Code     0  startup_stm32f40_41xxx.o(.text)
    OTG_HS_EP1_OUT_IRQHandler                0x08000273   Thumb Code     0  startup_stm32f40_41xxx.o(.text)
    OTG_HS_IRQHandler                        0x08000273   Thumb Code     0  startup_stm32f40_41xxx.o(.text)
    OTG_HS_WKUP_IRQHandler                   0x08000273   Thumb Code     0  startup_stm32f40_41xxx.o(.text)
    PVD_IRQHandler                           0x08000273   Thumb Code     0  startup_stm32f40_41xxx.o(.text)
    RCC_IRQHandler                           0x08000273   Thumb Code     0  startup_stm32f40_41xxx.o(.text)
    RTC_Alarm_IRQHandler                     0x08000273   Thumb Code     0  startup_stm32f40_41xxx.o(.text)
    RTC_WKUP_IRQHandler                      0x08000273   Thumb Code     0  startup_stm32f40_41xxx.o(.text)
    SDIO_IRQHandler                          0x08000273   Thumb Code     0  startup_stm32f40_41xxx.o(.text)
    SPI1_IRQHandler                          0x08000273   Thumb Code     0  startup_stm32f40_41xxx.o(.text)
    SPI2_IRQHandler                          0x08000273   Thumb Code     0  startup_stm32f40_41xxx.o(.text)
    SPI3_IRQHandler                          0x08000273   Thumb Code     0  startup_stm32f40_41xxx.o(.text)
    TAMP_STAMP_IRQHandler                    0x08000273   Thumb Code     0  startup_stm32f40_41xxx.o(.text)
    TIM1_BRK_TIM9_IRQHandler                 0x08000273   Thumb Code     0  startup_stm32f40_41xxx.o(.text)
    TIM1_CC_IRQHandler                       0x08000273   Thumb Code     0  startup_stm32f40_41xxx.o(.text)
    TIM1_TRG_COM_TIM11_IRQHandler            0x08000273   Thumb Code     0  startup_stm32f40_41xxx.o(.text)
    TIM1_UP_TIM10_IRQHandler                 0x08000273   Thumb Code     0  startup_stm32f40_41xxx.o(.text)
    TIM2_IRQHandler                          0x08000273   Thumb Code     0  startup_stm32f40_41xxx.o(.text)
    TIM4_IRQHandler                          0x08000273   Thumb Code     0  startup_stm32f40_41xxx.o(.text)
    TIM6_DAC_IRQHandler                      0x08000273   Thumb Code     0  startup_stm32f40_41xxx.o(.text)
    TIM7_IRQHandler                          0x08000273   Thumb Code     0  startup_stm32f40_41xxx.o(.text)
    TIM8_BRK_TIM12_IRQHandler                0x08000273   Thumb Code     0  startup_stm32f40_41xxx.o(.text)
    TIM8_CC_IRQHandler                       0x08000273   Thumb Code     0  startup_stm32f40_41xxx.o(.text)
    TIM8_TRG_COM_TIM14_IRQHandler            0x08000273   Thumb Code     0  startup_stm32f40_41xxx.o(.text)
    TIM8_UP_TIM13_IRQHandler                 0x08000273   Thumb Code     0  startup_stm32f40_41xxx.o(.text)
    UART4_IRQHandler                         0x08000273   Thumb Code     0  startup_stm32f40_41xxx.o(.text)
    UART5_IRQHandler                         0x08000273   Thumb Code     0  startup_stm32f40_41xxx.o(.text)
    WWDG_IRQHandler                          0x08000273   Thumb Code     0  startup_stm32f40_41xxx.o(.text)
    __aeabi_memcpy                           0x0800027d   Thumb Code    36  memcpya.o(.text)
    __aeabi_memcpy4                          0x0800027d   Thumb Code     0  memcpya.o(.text)
    __aeabi_memcpy8                          0x0800027d   Thumb Code     0  memcpya.o(.text)
    __aeabi_dadd                             0x080002a1   Thumb Code   322  dadd.o(.text)
    __aeabi_dsub                             0x080003e3   Thumb Code     6  dadd.o(.text)
    __aeabi_drsub                            0x080003e9   Thumb Code     6  dadd.o(.text)
    __aeabi_dmul                             0x080003ef   Thumb Code   228  dmul.o(.text)
    __aeabi_ui2d                             0x080004d3   Thumb Code    26  dfltui.o(.text)
    __aeabi_d2uiz                            0x080004ed   Thumb Code    50  dfixui.o(.text)
    __aeabi_f2d                              0x0800051f   Thumb Code    38  f2d.o(.text)
    __aeabi_d2f                              0x08000545   Thumb Code    56  d2f.o(.text)
    __aeabi_uidiv                            0x0800057d   Thumb Code     0  uidiv.o(.text)
    __aeabi_uidivmod                         0x0800057d   Thumb Code    44  uidiv.o(.text)
    __aeabi_uldivmod                         0x080005a9   Thumb Code    98  uldiv.o(.text)
    __aeabi_llsl                             0x0800060b   Thumb Code    30  llshl.o(.text)
    _ll_shift_l                              0x0800060b   Thumb Code     0  llshl.o(.text)
    __aeabi_llsr                             0x08000629   Thumb Code    32  llushr.o(.text)
    _ll_ushift_r                             0x08000629   Thumb Code     0  llushr.o(.text)
    __aeabi_lasr                             0x08000649   Thumb Code    36  llsshr.o(.text)
    _ll_sshift_r                             0x08000649   Thumb Code     0  llsshr.o(.text)
    __I$use$fp                               0x0800066d   Thumb Code     0  iusefp.o(.text)
    _float_round                             0x0800066d   Thumb Code    18  fepilogue.o(.text)
    _float_epilogue                          0x0800067f   Thumb Code    92  fepilogue.o(.text)
    _double_round                            0x080006db   Thumb Code    30  depilogue.o(.text)
    _double_epilogue                         0x080006f9   Thumb Code   156  depilogue.o(.text)
    __aeabi_ddiv                             0x08000795   Thumb Code   222  ddiv.o(.text)
    __aeabi_d2ulz                            0x08000873   Thumb Code    48  dfixul.o(.text)
    __aeabi_cdrcmple                         0x080008a5   Thumb Code    48  cdrcmple.o(.text)
    __scatterload                            0x080008d5   Thumb Code    28  init.o(.text)
    __scatterload_rt2                        0x080008d5   Thumb Code     0  init.o(.text)
    BusFault_Handler                         0x080008f9   Thumb Code     4  stm32f4xx_it.o(i.BusFault_Handler)
    Cache_QueueEmpty                         0x080008fd   Thumb Code    18  data_struct.o(i.Cache_QueueEmpty)
    Cache_QueuePush                          0x0800090f   Thumb Code    80  data_struct.o(i.Cache_QueuePush)
    Cache_QueueRead_OneItem                  0x0800095f   Thumb Code    56  data_struct.o(i.Cache_QueueRead_OneItem)
    Cache_QueueReset                         0x08000999   Thumb Code    84  data_struct.o(i.Cache_QueueReset)
    DMA_ClearFlag                            0x08000a25   Thumb Code    38  stm32f4xx_dma.o(i.DMA_ClearFlag)
    DMA_Cmd                                  0x08000a59   Thumb Code    22  stm32f4xx_dma.o(i.DMA_Cmd)
    DMA_DeInit                               0x08000a71   Thumb Code   324  stm32f4xx_dma.o(i.DMA_DeInit)
    DMA_GetCmdStatus                         0x08000bc9   Thumb Code    20  stm32f4xx_dma.o(i.DMA_GetCmdStatus)
    DMA_GetCurrDataCounter                   0x08000bdd   Thumb Code     8  stm32f4xx_dma.o(i.DMA_GetCurrDataCounter)
    DMA_Init                                 0x08000be5   Thumb Code    82  stm32f4xx_dma.o(i.DMA_Init)
    DMA_SetCurrDataCounter                   0x08000c3d   Thumb Code     4  stm32f4xx_dma.o(i.DMA_SetCurrDataCounter)
    DMA_config                               0x08000c41   Thumb Code   112  wifi_usart3.o(i.DMA_config)
    DebugMon_Handler                         0x08000cbd   Thumb Code     2  stm32f4xx_it.o(i.DebugMon_Handler)
    FSMC_NORSRAMCmd                          0x08000cc1   Thumb Code    46  stm32f4xx_fsmc.o(i.FSMC_NORSRAMCmd)
    FSMC_NORSRAMInit                         0x08000cf5   Thumb Code   230  stm32f4xx_fsmc.o(i.FSMC_NORSRAMInit)
    GPIO_Init                                0x08000ddb   Thumb Code   144  stm32f4xx_gpio.o(i.GPIO_Init)
    GPIO_PinAFConfig                         0x08000e6b   Thumb Code    70  stm32f4xx_gpio.o(i.GPIO_PinAFConfig)
    GPIO_SetBits                             0x08000eb1   Thumb Code     4  stm32f4xx_gpio.o(i.GPIO_SetBits)
    HardFault_Handler                        0x08000eb5   Thumb Code     4  stm32f4xx_it.o(i.HardFault_Handler)
    LCD_Clear                                0x08000eb9   Thumb Code    42  lcd.o(i.LCD_Clear)
    LCD_Display_Dir                          0x08000eed   Thumb Code   298  lcd.o(i.LCD_Display_Dir)
    LCD_Init                                 0x0800101d   Thumb Code 10320  lcd.o(i.LCD_Init)
    LCD_RD_DATA                              0x08003875   Thumb Code    14  lcd.o(i.LCD_RD_DATA)
    LCD_SSD_BackLightSet                     0x08003889   Thumb Code    88  lcd.o(i.LCD_SSD_BackLightSet)
    LCD_Scan_Dir                             0x080038e9   Thumb Code   560  lcd.o(i.LCD_Scan_Dir)
    LCD_SetCursor                            0x08003b1d   Thumb Code   282  lcd.o(i.LCD_SetCursor)
    LCD_WR_DATA                              0x08003c3d   Thumb Code    18  lcd.o(i.LCD_WR_DATA)
    LCD_WR_REG                               0x08003c55   Thumb Code    18  lcd.o(i.LCD_WR_REG)
    LCD_WriteRAM_Prepare                     0x08003c6d   Thumb Code    10  lcd.o(i.LCD_WriteRAM_Prepare)
    LCD_WriteReg                             0x08003c81   Thumb Code    14  lcd.o(i.LCD_WriteReg)
    LED_Init                                 0x08003c95   Thumb Code    60  led.o(i.LED_Init)
    MemManage_Handler                        0x08003cd5   Thumb Code     4  stm32f4xx_it.o(i.MemManage_Handler)
    NMI_Handler                              0x08003cd9   Thumb Code     2  stm32f4xx_it.o(i.NMI_Handler)
    NVIC_Init                                0x08003cdd   Thumb Code   106  misc.o(i.NVIC_Init)
    NVIC_PriorityGroupConfig                 0x08003d55   Thumb Code    10  misc.o(i.NVIC_PriorityGroupConfig)
    R60AFD1_init                             0x08003d69   Thumb Code     8  r60afd1.o(i.R60AFD1_init)
    R60AFD1_uart_init                        0x08003d71   Thumb Code   158  r60afd1.o(i.R60AFD1_uart_init)
    RCC_AHB1PeriphClockCmd                   0x08003e1d   Thumb Code    26  stm32f4xx_rcc.o(i.RCC_AHB1PeriphClockCmd)
    RCC_AHB3PeriphClockCmd                   0x08003e3d   Thumb Code    26  stm32f4xx_rcc.o(i.RCC_AHB3PeriphClockCmd)
    RCC_APB1PeriphClockCmd                   0x08003e5d   Thumb Code    26  stm32f4xx_rcc.o(i.RCC_APB1PeriphClockCmd)
    RCC_APB1PeriphResetCmd                   0x08003e7d   Thumb Code    26  stm32f4xx_rcc.o(i.RCC_APB1PeriphResetCmd)
    RCC_APB2PeriphClockCmd                   0x08003e9d   Thumb Code    26  stm32f4xx_rcc.o(i.RCC_APB2PeriphClockCmd)
    RCC_APB2PeriphResetCmd                   0x08003ebd   Thumb Code    26  stm32f4xx_rcc.o(i.RCC_APB2PeriphResetCmd)
    RCC_GetClocksFreq                        0x08003edd   Thumb Code   214  stm32f4xx_rcc.o(i.RCC_GetClocksFreq)
    SysTick_CLKSourceConfig                  0x080040b1   Thumb Code    40  misc.o(i.SysTick_CLKSourceConfig)
    SysTick_Handler                          0x080040d9   Thumb Code    16  delay.o(i.SysTick_Handler)
    SystemInit                               0x080040e9   Thumb Code    88  system_stm32f4xx.o(i.SystemInit)
    TIM3_IRQHandler                          0x08004151   Thumb Code    30  timer.o(i.TIM3_IRQHandler)
    TIM5_IRQHandler                          0x08004189   Thumb Code    30  timer.o(i.TIM5_IRQHandler)
    TIM_ClearITPendingBit                    0x080041c1   Thumb Code     6  stm32f4xx_tim.o(i.TIM_ClearITPendingBit)
    TIM_GetITStatus                          0x080041c7   Thumb Code    34  stm32f4xx_tim.o(i.TIM_GetITStatus)
    USART1_IRQHandler                        0x080041e9   Thumb Code   122  usart.o(i.USART1_IRQHandler)
    USART2_IRQHandler                        0x08004271   Thumb Code   116  r60abd1.o(i.USART2_IRQHandler)
    USART3_IRQHandler                        0x080042f5   Thumb Code   112  wifi_usart3.o(i.USART3_IRQHandler)
    USART6_IRQHandler                        0x08004379   Thumb Code   158  r60afd1.o(i.USART6_IRQHandler)
    USART_ClearITPendingBit                  0x08004431   Thumb Code    30  stm32f4xx_usart.o(i.USART_ClearITPendingBit)
    USART_Cmd                                0x0800444f   Thumb Code    24  stm32f4xx_usart.o(i.USART_Cmd)
    USART_DMACmd                             0x08004467   Thumb Code    18  stm32f4xx_usart.o(i.USART_DMACmd)
    USART_DeInit                             0x08004479   Thumb Code   206  stm32f4xx_usart.o(i.USART_DeInit)
    USART_GetITStatus                        0x08004569   Thumb Code    84  stm32f4xx_usart.o(i.USART_GetITStatus)
    USART_ITConfig                           0x080045bd   Thumb Code    74  stm32f4xx_usart.o(i.USART_ITConfig)
    USART_Init                               0x08004609   Thumb Code   204  stm32f4xx_usart.o(i.USART_Init)
    USART_ReceiveData                        0x080046dd   Thumb Code    10  stm32f4xx_usart.o(i.USART_ReceiveData)
    UsageFault_Handler                       0x080046e7   Thumb Code     4  stm32f4xx_it.o(i.UsageFault_Handler)
    __0printf                                0x080046ed   Thumb Code    22  printfa.o(i.__0printf)
    __1printf                                0x080046ed   Thumb Code     0  printfa.o(i.__0printf)
    __2printf                                0x080046ed   Thumb Code     0  printfa.o(i.__0printf)
    __c89printf                              0x080046ed   Thumb Code     0  printfa.o(i.__0printf)
    printf                                   0x080046ed   Thumb Code     0  printfa.o(i.__0printf)
    __scatterload_copy                       0x0800470d   Thumb Code    14  handlers.o(i.__scatterload_copy)
    __scatterload_null                       0x0800471b   Thumb Code     2  handlers.o(i.__scatterload_null)
    __scatterload_zeroinit                   0x0800471d   Thumb Code    14  handlers.o(i.__scatterload_zeroinit)
    delay_init                               0x08005061   Thumb Code    58  delay.o(i.delay_init)
    delay_ms                                 0x080050a5   Thumb Code    60  delay.o(i.delay_ms)
    delay_us                                 0x080050e5   Thumb Code    68  delay.o(i.delay_us)
    fputc                                    0x0800512d   Thumb Code    22  usart.o(i.fputc)
    main                                     0x08005149   Thumb Code   304  main.o(i.main)
    malloc                                   0x080052ad   Thumb Code    92  malloc.o(i.malloc)
    uart_init                                0x080053e5   Thumb Code   164  usart.o(i.uart_init)
    usart3_init                              0x08005491   Thumb Code   184  wifi_usart3.o(i.usart3_init)
    uxListRemove                             0x08005555   Thumb Code    40  list.o(i.uxListRemove)
    vListInsert                              0x0800557d   Thumb Code    52  list.o(i.vListInsert)
    vListInsertEnd                           0x080055b1   Thumb Code    24  list.o(i.vListInsertEnd)
    vPortEnterCritical                       0x080055c9   Thumb Code    68  port.o(i.vPortEnterCritical)
    vPortExitCritical                        0x08005651   Thumb Code    48  port.o(i.vPortExitCritical)
    vTaskDelay                               0x080056c1   Thumb Code    72  tasks.o(i.vTaskDelay)
    vTaskSuspendAll                          0x08005735   Thumb Code    12  tasks.o(i.vTaskSuspendAll)
    vTaskSwitchContext                       0x08005745   Thumb Code   110  tasks.o(i.vTaskSwitchContext)
    xPortSysTickHandler                      0x080057ed   Thumb Code    46  port.o(i.xPortSysTickHandler)
    xTaskGetSchedulerState                   0x08005821   Thumb Code    24  tasks.o(i.xTaskGetSchedulerState)
    xTaskIncrementTick                       0x08005841   Thumb Code   272  tasks.o(i.xTaskIncrementTick)
    xTaskResumeAll                           0x080059a1   Thumb Code   214  tasks.o(i.xTaskResumeAll)
    Region$$Table$$Base                      0x08005ac0   Number         0  anon$$obj.o(Region$$Table)
    Region$$Table$$Limit                     0x08005ae0   Number         0  anon$$obj.o(Region$$Table)
    __stdout                                 0x20000004   Data           4  usart.o(.data)
    USART_RX_STA                             0x20000008   Data           2  usart.o(.data)
    POINT_COLOR                              0x2000001a   Data           2  lcd.o(.data)
    BACK_COLOR                               0x2000001c   Data           2  lcd.o(.data)
    conc_flag                                0x2000001e   Data           1  data_struct.o(.data)
    r                                        0x20000020   Data           1  r60abd1.o(.data)
    w                                        0x20000021   Data           1  r60abd1.o(.data)
    stay                                     0x20000022   Data          11  r60abd1.o(.data)
    heart                                    0x2000002d   Data          11  r60abd1.o(.data)
    breathe                                  0x20000038   Data          11  r60abd1.o(.data)
    people_state                             0x20000043   Data           3  r60abd1.o(.data)
    USART2_RX_STA                            0x20000046   Data           2  r60abd1.o(.data)
    res_before                               0x20000048   Data           1  r60abd1.o(.data)
    len                                      0x20000049   Data           1  r60afd1.o(.data)
    Frame_flag                               0x2000004a   Data           1  r60afd1.o(.data)
    head_flag                                0x2000004b   Data           1  r60afd1.o(.data)
    tail_falg                                0x2000004c   Data           1  r60afd1.o(.data)
    USART3_RX_STA                            0x2000004e   Data           2  wifi_usart3.o(.data)
    USART3_RX_LEN                            0x20000050   Data           2  wifi_usart3.o(.data)
    pxCurrentTCB                             0x20000054   Data           4  tasks.o(.data)
    __microlib_freelist                      0x2000009c   Data           4  mvars.o(.data)
    __microlib_freelist_initialised          0x200000a0   Data           4  mvars.o(.data)
    USART_RX_BUF                             0x200000a4   Data         200  usart.o(.bss)
    lcddev                                   0x2000016c   Data          14  lcd.o(.bss)
    USART2_TX_BUF                            0x20000180   Data         200  r60abd1.o(.bss)
    USART2_RX_BUF                            0x20000248   Data         200  r60abd1.o(.bss)
    usart2_rx_circle                         0x20000310   Data        1000  r60abd1.o(.bss)
    USART_InitStructure                      0x200006f8   Data          16  r60abd1.o(.bss)
    USART6_RX_BUF                            0x20000708   Data         200  r60afd1.o(.bss)
    USART6_TX_BUF                            0x200007d0   Data         200  r60afd1.o(.bss)
    USART3_TX_BUF                            0x200008a8   Data        1000  wifi_usart3.o(.bss)
    USART3_RX_BUF                            0x20000c90   Data        1000  wifi_usart3.o(.bss)
    __heap_base                              0x20001360   Data           0  startup_stm32f40_41xxx.o(HEAP)
    __heap_limit                             0x20006360   Data           0  startup_stm32f40_41xxx.o(HEAP)
    __initial_sp                             0x20007360   Data           0  startup_stm32f40_41xxx.o(STACK)



==============================================================================

Memory Map of the image

  Image Entry point : 0x08000189

  Load Region LR_IROM1 (Base: 0x08000000, Size: 0x00005b84, Max: 0x00100000, ABSOLUTE)

    Execution Region ER_IROM1 (Exec base: 0x08000000, Load base: 0x08000000, Size: 0x00005ae0, Max: 0x00100000, ABSOLUTE)

    Exec Addr    Load Addr    Size         Type   Attr      Idx    E Section Name        Object

    0x08000000   0x08000000   0x00000188   Data   RO          356    RESET               startup_stm32f40_41xxx.o
    0x08000188   0x08000188   0x00000000   Code   RO         3967  * .ARM.Collect$$$$00000000  mc_w.l(entry.o)
    0x08000188   0x08000188   0x00000004   Code   RO         4285    .ARM.Collect$$$$00000001  mc_w.l(entry2.o)
    0x0800018c   0x0800018c   0x00000004   Code   RO         4288    .ARM.Collect$$$$00000004  mc_w.l(entry5.o)
    0x08000190   0x08000190   0x00000000   Code   RO         4290    .ARM.Collect$$$$00000008  mc_w.l(entry7b.o)
    0x08000190   0x08000190   0x00000000   Code   RO         4292    .ARM.Collect$$$$0000000A  mc_w.l(entry8b.o)
    0x08000190   0x08000190   0x00000008   Code   RO         4293    .ARM.Collect$$$$0000000B  mc_w.l(entry9a.o)
    0x08000198   0x08000198   0x00000004   Code   RO         4300    .ARM.Collect$$$$0000000E  mc_w.l(entry12b.o)
    0x0800019c   0x0800019c   0x00000000   Code   RO         4295    .ARM.Collect$$$$0000000F  mc_w.l(entry10a.o)
    0x0800019c   0x0800019c   0x00000000   Code   RO         4297    .ARM.Collect$$$$00000011  mc_w.l(entry11a.o)
    0x0800019c   0x0800019c   0x00000004   Code   RO         4286    .ARM.Collect$$$$00002712  mc_w.l(entry2.o)
    0x080001a0   0x080001a0   0x000000b6   Code   RO         3827    .emb_text           port.o
    0x08000256   0x08000256   0x00000002   PAD
    0x08000258   0x08000258   0x00000024   Code   RO          357    .text               startup_stm32f40_41xxx.o
    0x0800027c   0x0800027c   0x00000024   Code   RO         3970    .text               mc_w.l(memcpya.o)
    0x080002a0   0x080002a0   0x0000014e   Code   RO         4271    .text               mf_w.l(dadd.o)
    0x080003ee   0x080003ee   0x000000e4   Code   RO         4273    .text               mf_w.l(dmul.o)
    0x080004d2   0x080004d2   0x0000001a   Code   RO         4277    .text               mf_w.l(dfltui.o)
    0x080004ec   0x080004ec   0x00000032   Code   RO         4279    .text               mf_w.l(dfixui.o)
    0x0800051e   0x0800051e   0x00000026   Code   RO         4281    .text               mf_w.l(f2d.o)
    0x08000544   0x08000544   0x00000038   Code   RO         4283    .text               mf_w.l(d2f.o)
    0x0800057c   0x0800057c   0x0000002c   Code   RO         4301    .text               mc_w.l(uidiv.o)
    0x080005a8   0x080005a8   0x00000062   Code   RO         4303    .text               mc_w.l(uldiv.o)
    0x0800060a   0x0800060a   0x0000001e   Code   RO         4305    .text               mc_w.l(llshl.o)
    0x08000628   0x08000628   0x00000020   Code   RO         4307    .text               mc_w.l(llushr.o)
    0x08000648   0x08000648   0x00000024   Code   RO         4309    .text               mc_w.l(llsshr.o)
    0x0800066c   0x0800066c   0x00000000   Code   RO         4313    .text               mc_w.l(iusefp.o)
    0x0800066c   0x0800066c   0x0000006e   Code   RO         4314    .text               mf_w.l(fepilogue.o)
    0x080006da   0x080006da   0x000000ba   Code   RO         4316    .text               mf_w.l(depilogue.o)
    0x08000794   0x08000794   0x000000de   Code   RO         4318    .text               mf_w.l(ddiv.o)
    0x08000872   0x08000872   0x00000030   Code   RO         4320    .text               mf_w.l(dfixul.o)
    0x080008a2   0x080008a2   0x00000002   PAD
    0x080008a4   0x080008a4   0x00000030   Code   RO         4322    .text               mf_w.l(cdrcmple.o)
    0x080008d4   0x080008d4   0x00000024   Code   RO         4324    .text               mc_w.l(init.o)
    0x080008f8   0x080008f8   0x00000004   Code   RO          266    i.BusFault_Handler  stm32f4xx_it.o
    0x080008fc   0x080008fc   0x00000012   Code   RO         2470    i.Cache_QueueEmpty  data_struct.o
    0x0800090e   0x0800090e   0x00000050   Code   RO         2472    i.Cache_QueuePush   data_struct.o
    0x0800095e   0x0800095e   0x00000038   Code   RO         2473    i.Cache_QueueRead_OneItem  data_struct.o
    0x08000996   0x08000996   0x00000002   PAD
    0x08000998   0x08000998   0x0000008c   Code   RO         2474    i.Cache_QueueReset  data_struct.o
    0x08000a24   0x08000a24   0x00000034   Code   RO         1932    i.DMA_ClearFlag     stm32f4xx_dma.o
    0x08000a58   0x08000a58   0x00000016   Code   RO         1934    i.DMA_Cmd           stm32f4xx_dma.o
    0x08000a6e   0x08000a6e   0x00000002   PAD
    0x08000a70   0x08000a70   0x00000158   Code   RO         1935    i.DMA_DeInit        stm32f4xx_dma.o
    0x08000bc8   0x08000bc8   0x00000014   Code   RO         1939    i.DMA_GetCmdStatus  stm32f4xx_dma.o
    0x08000bdc   0x08000bdc   0x00000008   Code   RO         1940    i.DMA_GetCurrDataCounter  stm32f4xx_dma.o
    0x08000be4   0x08000be4   0x00000058   Code   RO         1946    i.DMA_Init          stm32f4xx_dma.o
    0x08000c3c   0x08000c3c   0x00000004   Code   RO         1949    i.DMA_SetCurrDataCounter  stm32f4xx_dma.o
    0x08000c40   0x08000c40   0x0000007c   Code   RO         2656    i.DMA_config        wifi_usart3.o
    0x08000cbc   0x08000cbc   0x00000002   Code   RO          267    i.DebugMon_Handler  stm32f4xx_it.o
    0x08000cbe   0x08000cbe   0x00000002   PAD
    0x08000cc0   0x08000cc0   0x00000034   Code   RO         1812    i.FSMC_NORSRAMCmd   stm32f4xx_fsmc.o
    0x08000cf4   0x08000cf4   0x000000e6   Code   RO         1814    i.FSMC_NORSRAMInit  stm32f4xx_fsmc.o
    0x08000dda   0x08000dda   0x00000090   Code   RO          564    i.GPIO_Init         stm32f4xx_gpio.o
    0x08000e6a   0x08000e6a   0x00000046   Code   RO          565    i.GPIO_PinAFConfig  stm32f4xx_gpio.o
    0x08000eb0   0x08000eb0   0x00000004   Code   RO          572    i.GPIO_SetBits      stm32f4xx_gpio.o
    0x08000eb4   0x08000eb4   0x00000004   Code   RO          268    i.HardFault_Handler  stm32f4xx_it.o
    0x08000eb8   0x08000eb8   0x00000034   Code   RO         2253    i.LCD_Clear         lcd.o
    0x08000eec   0x08000eec   0x00000130   Code   RO         2257    i.LCD_Display_Dir   lcd.o
    0x0800101c   0x0800101c   0x00002858   Code   RO         2264    i.LCD_Init          lcd.o
    0x08003874   0x08003874   0x00000014   Code   RO         2266    i.LCD_RD_DATA       lcd.o
    0x08003888   0x08003888   0x00000060   Code   RO         2269    i.LCD_SSD_BackLightSet  lcd.o
    0x080038e8   0x080038e8   0x00000234   Code   RO         2270    i.LCD_Scan_Dir      lcd.o
    0x08003b1c   0x08003b1c   0x00000120   Code   RO         2271    i.LCD_SetCursor     lcd.o
    0x08003c3c   0x08003c3c   0x00000018   Code   RO         2277    i.LCD_WR_DATA       lcd.o
    0x08003c54   0x08003c54   0x00000018   Code   RO         2278    i.LCD_WR_REG        lcd.o
    0x08003c6c   0x08003c6c   0x00000014   Code   RO         2280    i.LCD_WriteRAM_Prepare  lcd.o
    0x08003c80   0x08003c80   0x00000014   Code   RO         2281    i.LCD_WriteReg      lcd.o
    0x08003c94   0x08003c94   0x00000040   Code   RO         2191    i.LED_Init          led.o
    0x08003cd4   0x08003cd4   0x00000004   Code   RO          269    i.MemManage_Handler  stm32f4xx_it.o
    0x08003cd8   0x08003cd8   0x00000002   Code   RO          270    i.NMI_Handler       stm32f4xx_it.o
    0x08003cda   0x08003cda   0x00000002   PAD
    0x08003cdc   0x08003cdc   0x00000078   Code   RO          519    i.NVIC_Init         misc.o
    0x08003d54   0x08003d54   0x00000014   Code   RO          520    i.NVIC_PriorityGroupConfig  misc.o
    0x08003d68   0x08003d68   0x00000008   Code   RO         2599    i.R60AFD1_init      r60afd1.o
    0x08003d70   0x08003d70   0x000000ac   Code   RO         2600    i.R60AFD1_uart_init  r60afd1.o
    0x08003e1c   0x08003e1c   0x00000020   Code   RO          661    i.RCC_AHB1PeriphClockCmd  stm32f4xx_rcc.o
    0x08003e3c   0x08003e3c   0x00000020   Code   RO          667    i.RCC_AHB3PeriphClockCmd  stm32f4xx_rcc.o
    0x08003e5c   0x08003e5c   0x00000020   Code   RO          670    i.RCC_APB1PeriphClockCmd  stm32f4xx_rcc.o
    0x08003e7c   0x08003e7c   0x00000020   Code   RO          672    i.RCC_APB1PeriphResetCmd  stm32f4xx_rcc.o
    0x08003e9c   0x08003e9c   0x00000020   Code   RO          673    i.RCC_APB2PeriphClockCmd  stm32f4xx_rcc.o
    0x08003ebc   0x08003ebc   0x00000020   Code   RO          675    i.RCC_APB2PeriphResetCmd  stm32f4xx_rcc.o
    0x08003edc   0x08003edc   0x000000e8   Code   RO          682    i.RCC_GetClocksFreq  stm32f4xx_rcc.o
    0x08003fc4   0x08003fc4   0x000000ec   Code   RO          319    i.SetSysClock       system_stm32f4xx.o
    0x080040b0   0x080040b0   0x00000028   Code   RO          523    i.SysTick_CLKSourceConfig  misc.o
    0x080040d8   0x080040d8   0x00000010   Code   RO          363    i.SysTick_Handler   delay.o
    0x080040e8   0x080040e8   0x00000068   Code   RO          321    i.SystemInit        system_stm32f4xx.o
    0x08004150   0x08004150   0x00000038   Code   RO         2211    i.TIM3_IRQHandler   timer.o
    0x08004188   0x08004188   0x00000038   Code   RO         2213    i.TIM5_IRQHandler   timer.o
    0x080041c0   0x080041c0   0x00000006   Code   RO         1250    i.TIM_ClearITPendingBit  stm32f4xx_tim.o
    0x080041c6   0x080041c6   0x00000022   Code   RO         1276    i.TIM_GetITStatus   stm32f4xx_tim.o
    0x080041e8   0x080041e8   0x00000088   Code   RO          467    i.USART1_IRQHandler  usart.o
    0x08004270   0x08004270   0x00000084   Code   RO         2522    i.USART2_IRQHandler  r60abd1.o
    0x080042f4   0x080042f4   0x00000084   Code   RO         2657    i.USART3_IRQHandler  wifi_usart3.o
    0x08004378   0x08004378   0x000000b8   Code   RO         2601    i.USART6_IRQHandler  r60afd1.o
    0x08004430   0x08004430   0x0000001e   Code   RO         1052    i.USART_ClearITPendingBit  stm32f4xx_usart.o
    0x0800444e   0x0800444e   0x00000018   Code   RO         1055    i.USART_Cmd         stm32f4xx_usart.o
    0x08004466   0x08004466   0x00000012   Code   RO         1056    i.USART_DMACmd      stm32f4xx_usart.o
    0x08004478   0x08004478   0x000000f0   Code   RO         1057    i.USART_DeInit      stm32f4xx_usart.o
    0x08004568   0x08004568   0x00000054   Code   RO         1059    i.USART_GetITStatus  stm32f4xx_usart.o
    0x080045bc   0x080045bc   0x0000004a   Code   RO         1061    i.USART_ITConfig    stm32f4xx_usart.o
    0x08004606   0x08004606   0x00000002   PAD
    0x08004608   0x08004608   0x000000d4   Code   RO         1062    i.USART_Init        stm32f4xx_usart.o
    0x080046dc   0x080046dc   0x0000000a   Code   RO         1069    i.USART_ReceiveData  stm32f4xx_usart.o
    0x080046e6   0x080046e6   0x00000004   Code   RO          271    i.UsageFault_Handler  stm32f4xx_it.o
    0x080046ea   0x080046ea   0x00000002   PAD
    0x080046ec   0x080046ec   0x00000020   Code   RO         4215    i.__0printf         mc_w.l(printfa.o)
    0x0800470c   0x0800470c   0x0000000e   Code   RO         4328    i.__scatterload_copy  mc_w.l(handlers.o)
    0x0800471a   0x0800471a   0x00000002   Code   RO         4329    i.__scatterload_null  mc_w.l(handlers.o)
    0x0800471c   0x0800471c   0x0000000e   Code   RO         4330    i.__scatterload_zeroinit  mc_w.l(handlers.o)
    0x0800472a   0x0800472a   0x00000002   PAD
    0x0800472c   0x0800472c   0x00000184   Code   RO         4222    i._fp_digits        mc_w.l(printfa.o)
    0x080048b0   0x080048b0   0x000006b4   Code   RO         4223    i._printf_core      mc_w.l(printfa.o)
    0x08004f64   0x08004f64   0x00000024   Code   RO         4224    i._printf_post_padding  mc_w.l(printfa.o)
    0x08004f88   0x08004f88   0x0000002e   Code   RO         4225    i._printf_pre_padding  mc_w.l(printfa.o)
    0x08004fb6   0x08004fb6   0x00000002   PAD
    0x08004fb8   0x08004fb8   0x000000a8   Code   RO         2525    i.circle_put        r60abd1.o
    0x08005060   0x08005060   0x00000044   Code   RO          364    i.delay_init        delay.o
    0x080050a4   0x080050a4   0x00000040   Code   RO          365    i.delay_ms          delay.o
    0x080050e4   0x080050e4   0x00000048   Code   RO          366    i.delay_us          delay.o
    0x0800512c   0x0800512c   0x0000001c   Code   RO          469    i.fputc             usart.o
    0x08005148   0x08005148   0x00000164   Code   RO            3    i.main              main.o
    0x080052ac   0x080052ac   0x0000006c   Code   RO         4244    i.malloc            mc_w.l(malloc.o)
    0x08005318   0x08005318   0x00000098   Code   RO         3321    i.prvAddCurrentTaskToDelayedList  tasks.o
    0x080053b0   0x080053b0   0x00000034   Code   RO         3329    i.prvResetNextTaskUnblockTime  tasks.o
    0x080053e4   0x080053e4   0x000000ac   Code   RO          470    i.uart_init         usart.o
    0x08005490   0x08005490   0x000000c4   Code   RO         2662    i.usart3_init       wifi_usart3.o
    0x08005554   0x08005554   0x00000028   Code   RO         3035    i.uxListRemove      list.o
    0x0800557c   0x0800557c   0x00000034   Code   RO         3038    i.vListInsert       list.o
    0x080055b0   0x080055b0   0x00000018   Code   RO         3039    i.vListInsertEnd    list.o
    0x080055c8   0x080055c8   0x00000088   Code   RO         3831    i.vPortEnterCritical  port.o
    0x08005650   0x08005650   0x00000070   Code   RO         3832    i.vPortExitCritical  port.o
    0x080056c0   0x080056c0   0x00000074   Code   RO         3341    i.vTaskDelay        tasks.o
    0x08005734   0x08005734   0x00000010   Code   RO         3359    i.vTaskSuspendAll   tasks.o
    0x08005744   0x08005744   0x000000a8   Code   RO         3360    i.vTaskSwitchContext  tasks.o
    0x080057ec   0x080057ec   0x00000034   Code   RO         3836    i.xPortSysTickHandler  port.o
    0x08005820   0x08005820   0x00000020   Code   RO         3366    i.xTaskGetSchedulerState  tasks.o
    0x08005840   0x08005840   0x00000160   Code   RO         3369    i.xTaskIncrementTick  tasks.o
    0x080059a0   0x080059a0   0x00000120   Code   RO         3375    i.xTaskResumeAll    tasks.o
    0x08005ac0   0x08005ac0   0x00000020   Data   RO         4326    Region$$Table       anon$$obj.o


    Execution Region RW_IRAM1 (Exec base: 0x20000000, Load base: 0x08005ae0, Size: 0x00007360, Max: 0x00020000, ABSOLUTE)

    Exec Addr    Load Addr    Size         Type   Attr      Idx    E Section Name        Object

    0x20000000   0x08005ae0   0x00000004   Data   RW          368    .data               delay.o
    0x20000004   0x08005ae4   0x00000006   Data   RW          472    .data               usart.o
    0x2000000a   0x08005aea   0x00000010   Data   RW          714    .data               stm32f4xx_rcc.o
    0x2000001a   0x08005afa   0x00000004   Data   RW         2285    .data               lcd.o
    0x2000001e   0x08005afe   0x00000001   Data   RW         2475    .data               data_struct.o
    0x2000001f   0x08005aff   0x00000001   PAD
    0x20000020   0x08005b00   0x00000029   Data   RW         2529    .data               r60abd1.o
    0x20000049   0x08005b29   0x00000004   Data   RW         2605    .data               r60afd1.o
    0x2000004d   0x08005b2d   0x00000001   PAD
    0x2000004e   0x08005b2e   0x00000004   Data   RW         2665    .data               wifi_usart3.o
    0x20000052   0x08005b32   0x00000002   PAD
    0x20000054   0x08005b34   0x0000003c   Data   RW         3378    .data               tasks.o
    0x20000090   0x08005b70   0x0000000c   Data   RW         3837    .data               port.o
    0x2000009c   0x08005b7c   0x00000004   Data   RW         4311    .data               mc_w.l(mvars.o)
    0x200000a0   0x08005b80   0x00000004   Data   RW         4312    .data               mc_w.l(mvars.o)
    0x200000a4        -       0x000000c8   Zero   RW          471    .bss                usart.o
    0x2000016c        -       0x0000000e   Zero   RW         2283    .bss                lcd.o
    0x2000017a   0x08005b84   0x00000006   PAD
    0x20000180        -       0x00000588   Zero   RW         2528    .bss                r60abd1.o
    0x20000708        -       0x000001a0   Zero   RW         2604    .bss                r60afd1.o
    0x200008a8        -       0x000007d0   Zero   RW         2663    .bss                wifi_usart3.o
    0x20001078        -       0x000002e4   Zero   RW         3377    .bss                tasks.o
    0x2000135c   0x08005b84   0x00000004   PAD
    0x20001360        -       0x00005000   Zero   RW          355    HEAP                startup_stm32f40_41xxx.o
    0x20006360        -       0x00001000   Zero   RW          354    STACK               startup_stm32f40_41xxx.o


==============================================================================

Image component sizes


      Code (inc. data)   RO Data    RW Data    ZI Data      Debug   Object Name

       294         56          0          1          0       3114   data_struct.o
       220         18          0          4          0     231609   delay.o
     11740        152          0          4         14      14572   lcd.o
        64          4          0          0          0        523   led.o
       116          0          0          0          0       2158   list.o
       356         52          0          0          0      81567   main.o
       180         24          0          0          0       2017   misc.o
       482        154          0         12          0       5423   port.o
       300         36          0         41       1416       2312   r60abd1.o
       364         40          0          4        416       2720   r60afd1.o
        36          8        392          0      24576        824   startup_stm32f40_41xxx.o
       538         40          0          0          0       5363   stm32f4xx_dma.o
       282          6          0          0          0       1777   stm32f4xx_fsmc.o
       218          0          0          0          0       2266   stm32f4xx_gpio.o
        20          0          0          0          0       2645   stm32f4xx_it.o
       424         54          0         16          0       6266   stm32f4xx_rcc.o
        40          0          0          0          0       1790   stm32f4xx_tim.o
       692         42          0          0          0       6090   stm32f4xx_usart.o
       340         32          0          0          0       1437   system_stm32f4xx.o
      1176        306          0         60        740      16854   tasks.o
       112         52          0          0          0        996   timer.o
       336         28          0          6        200       3752   usart.o
       452         44          0          4       2000       3281   wifi_usart3.o

    ----------------------------------------------------------------------
     18796       1148        424        156      29372     399356   Object Totals
         0          0         32          0          0          0   (incl. Generated)
        14          0          0          4         10          0   (incl. Padding)

    ----------------------------------------------------------------------

      Code (inc. data)   RO Data    RW Data    ZI Data      Debug   Library Member Name

         0          0          0          0          0          0   entry.o
         0          0          0          0          0          0   entry10a.o
         0          0          0          0          0          0   entry11a.o
         4          0          0          0          0          0   entry12b.o
         8          4          0          0          0          0   entry2.o
         4          0          0          0          0          0   entry5.o
         0          0          0          0          0          0   entry7b.o
         0          0          0          0          0          0   entry8b.o
         8          4          0          0          0          0   entry9a.o
        30          0          0          0          0          0   handlers.o
        36          8          0          0          0         68   init.o
         0          0          0          0          0          0   iusefp.o
        30          0          0          0          0         68   llshl.o
        36          0          0          0          0         68   llsshr.o
        32          0          0          0          0         68   llushr.o
       108         16          0          0          0         84   malloc.o
        36          0          0          0          0         68   memcpya.o
         0          0          0          8          0          0   mvars.o
      2218         90          0          0          0        464   printfa.o
        44          0          0          0          0         80   uidiv.o
        98          0          0          0          0         92   uldiv.o
        48          0          0          0          0         68   cdrcmple.o
        56          0          0          0          0         88   d2f.o
       334          0          0          0          0        148   dadd.o
       222          0          0          0          0        100   ddiv.o
       186          0          0          0          0        176   depilogue.o
        50          0          0          0          0         76   dfixui.o
        48          0          0          0          0         68   dfixul.o
        26          0          0          0          0         76   dfltui.o
       228          0          0          0          0         96   dmul.o
        38          0          0          0          0         68   f2d.o
       110          0          0          0          0        168   fepilogue.o

    ----------------------------------------------------------------------
      4044        122          0          8          0       2192   Library Totals
         6          0          0          0          0          0   (incl. Padding)

    ----------------------------------------------------------------------

      Code (inc. data)   RO Data    RW Data    ZI Data      Debug   Library Name

      2692        122          0          8          0       1060   mc_w.l
      1346          0          0          0          0       1132   mf_w.l

    ----------------------------------------------------------------------
      4044        122          0          8          0       2192   Library Totals

    ----------------------------------------------------------------------

==============================================================================


      Code (inc. data)   RO Data    RW Data    ZI Data      Debug   

     22840       1270        424        164      29372     392460   Grand Totals
     22840       1270        424        164      29372     392460   ELF Image Totals
     22840       1270        424        164          0          0   ROM Totals

==============================================================================

    Total RO  Size (Code + RO Data)                23264 (  22.72kB)
    Total RW  Size (RW Data + ZI Data)             29536 (  28.84kB)
    Total ROM Size (Code + RO Data + RW Data)      23428 (  22.88kB)

==============================================================================

